make all --print-data-base --no-builtin-variables --no-builtin-rules --question
# GNU Make 4.2.1
# Built for x86_64-pc-linux-gnu
# Copyright (C) 1988-2016 Free Software Foundation, Inc.
# License GPLv3+: GNU GPL version 3 or later <http://gnu.org/licenses/gpl.html>
# This is free software: you are free to change and redistribute it.
# There is NO WARRANTY, to the extent permitted by law.

# Make data base, printed on Thu Aug  4 08:42:59 2022

# Variables

# automatic
<D = $(patsubst %/,%,$(dir $<))
# automatic
?F = $(notdir $?)
# default
.SHELLFLAGS := -c
# environment
XDG_SESSION_CLASS = user
# environment
VSCODE_AGENT_FOLDER = /home/tuna/.vscode-server
# makefile (from 'Makefile', line 18)
SRC = ${NAME}.cpp ${NAME}_Info.cpp main.cpp
# environment
XDG_SESSION_TYPE = tty
# automatic
?D = $(patsubst %/,%,$(dir $?))
# automatic
@D = $(patsubst %/,%,$(dir $@))
# automatic
@F = $(notdir $@)
# default
MAKE_VERSION := 4.2.1
# makefile
CURDIR := /home/tuna/moos-bwsi/behaviors/pChallenge_shoreside
# makefile
SHELL = /bin/sh
# environment
VSCODE_NLS_CONFIG = {"locale":"en","availableLanguages":{}}
# environment
_ = /home/tuna/.vscode-server/bin/3b889b090b5ad5793f524b5d1d39fda662b96a2a/node
# makefile (from 'Makefile', line 1)
MAKEFILE_LIST :=  Makefile
# makefile (from 'Makefile', line 10)
MOOSCORE_INCLUDE = ${HOME}/moos-ivp/MOOS/MOOSCore/Core/libMOOS/include/
# 'override' directive
GNUMAKEFLAGS := 
# environment
XDG_DATA_DIRS = /usr/local/share:/usr/share:/var/lib/snapd/desktop
# environment
DBUS_SESSION_BUS_ADDRESS = unix:path=/run/user/1000/bus
# environment
LESSOPEN = | /usr/bin/lesspipe %s
# environment
VSCODE_CWD = /home/tuna
# environment
SSH_CONNECTION = 168.245.148.224 62982 174.138.32.89 22
# environment
PATH = /home/tuna/.vscode-server/bin/3b889b090b5ad5793f524b5d1d39fda662b96a2a/bin/remote-cli:/home/tuna/.local/bin:/home/tuna/.local/bin:/usr/local/sbin:/usr/local/bin:/usr/sbin:/usr/bin:/sbin:/bin:/usr/games:/usr/local/games:/snap/bin:/home/tuna/.local/bin:/home/tuna/moos-ivp/bin:/home/tuna/moos-ivp/scripts:/home/tuna/moos-bwsi/behaviors/bin
# makefile (from 'Makefile', line 12)
MOOSCOMM_INCLUDE = ${HOME}/moos-ivp/MOOS/MOOSCore/Core/libMOOS/Comms/include
# environment
XDG_RUNTIME_DIR = /run/user/1000
# makefile (from 'Makefile', line 5)
MOOS_LIBDIR = ${HOME}/moos-ivp/lib
# environment
ELECTRON_RUN_AS_NODE = 1
# environment
VSCODE_IPC_HOOK_CLI = /run/user/1000/vscode-ipc-c6508f10-878a-49d7-a4b0-657839e99c70.sock
# default
.FEATURES := target-specific order-only second-expansion else-if shortest-stem undefine oneshell archives jobserver output-sync check-symlink load
# environment
LS_COLORS = 
# automatic
%F = $(notdir $%)
# environment
PWD = /home/tuna/moos-bwsi/behaviors/pChallenge_shoreside
# default
.LOADED := 
# automatic
*D = $(patsubst %/,%,$(dir $*))
# environment
VSCODE_AMD_ENTRYPOINT = vs/workbench/api/node/extensionHostProcess
# environment
HOME = /home/tuna
# environment
LESSCLOSE = /usr/bin/lesspipe %s %s
# environment
LOGNAME = tuna
# environment
APPLICATION_INSIGHTS_NO_DIAGNOSTIC_CHANNEL = true
# automatic
+F = $(notdir $+)
# environment
VSCODE_HANDLES_UNCAUGHT_ERRORS = true
# automatic
^D = $(patsubst %/,%,$(dir $^))
# makefile (from 'Makefile', line 11)
MOOSUTIL_INCLUDE = ${HOME}/moos-ivp/MOOS/MOOSCore/Core/libMOOS/Utils/include
# environment
MAKELEVEL := 0
# default
MAKE = $(MAKE_COMMAND)
# default
MAKECMDGOALS := all
# environment
SHLVL = 1
# environment
XDG_SESSION_ID = 520
# environment
USER = tuna
# makefile
.DEFAULT_GOAL := all
# makefile (from 'Makefile', line 13)
GETPOT_INCLUDE = ${HOME}/moos-ivp/MOOS/MOOSCore/Core/libMOOS/Thirdparty/getpot/include/
# makefile (from 'Makefile', line 7)
MOOS_INCLUDE = ${HOME}/moos-ivp/include/ivp/
# makefile (from 'Makefile', line 1)
NAME = Challenge_shoreside
# automatic
%D = $(patsubst %/,%,$(dir $%))
# default
MAKE_COMMAND := make
# makefile (from 'Makefile', line 19)
INCL = ${NAME}.h
# default
.VARIABLES := 
# automatic
*F = $(notdir $*)
# makefile (from 'Makefile', line 9)
APPCAST_INCLUDE = ${HOME}/moos-ivp/MOOS/MOOSCore/Core/libMOOS/Thirdparty/AppCasting/include
# makefile
MAKEFLAGS = pqrR
# environment
MFLAGS = -pqrR
# environment
SSH_CLIENT = 168.245.148.224 62982 22
# makefile (from 'Makefile', line 14)
POCOBITS_INCLUDE = ${HOME}/moos-ivp/MOOS/MOOSCore/Core/libMOOS/Thirdparty/PocoBits/include
# automatic
+D = $(patsubst %/,%,$(dir $+))
# environment
BROWSER = /home/tuna/.vscode-server/bin/3b889b090b5ad5793f524b5d1d39fda662b96a2a/bin/helpers/browser.sh
# environment
VSCODE_HANDLES_SIGPIPE = true
# default
MAKEFILES := 
# automatic
<F = $(notdir $<)
# environment
LC_ALL = C
# makefile (from 'Makefile', line 15)
LIBS = -lMOOS -lmbutil -lpthread -lm
# automatic
^F = $(notdir $^)
# default
SUFFIXES := 
# makefile (from 'Makefile', line 6)
MOOSCORE_LIBDIR = ${HOME}/moos-ivp/build/MOOS/MOOSCore/lib/
# makefile (from 'Makefile', line 3)
INSTALL_DIR = ${HOME}/moos-bwsi/behaviors/bin
# makefile (from 'Makefile', line 8)
MOOSAPP_INCLUDE = ${HOME}/moos-ivp/MOOS/MOOSCore/Core/libMOOS/App/include
# default
.INCLUDE_DIRS = /usr/include /usr/local/include /usr/include
# default
.RECIPEPREFIX := 
# default
MAKE_HOST := x86_64-pc-linux-gnu
# environment
LANG = C
# environment
MOTD_SHOWN = pam
# variable set hash-table stats:
# Load=81/1024=8%, Rehash=0, Collisions=10/115=9%

# Pattern-specific Variable Values

# No pattern-specific variable values.

# Directories

# . (device 64513, inode 1569039): 11 files, no impossibilities.

# 11 files, no impossibilities in 1 directories.

# Implicit Rules

# No implicit rules.

# Files

all: clean default install
#  Command line target.
#  Implicit rule search has been done.
#  File does not exist.
#  File has been updated.
#  Needs to be updated (-q is set).
# variable set hash-table stats:
# Load=0/32=0%, Rehash=0, Collisions=0/6=0%

# Not a target:
.SUFFIXES:
#  Implicit rule search has not been done.
#  Modification time never checked.
#  File has not been updated.

# Not a target:
Makefile:
#  Implicit rule search has been done.
#  Last modified 2022-08-02 21:03:55.427046136
#  File has been updated.
#  Successfully updated.

# Not a target:
main.cpp:
#  Implicit rule search has not been done.
#  Modification time never checked.
#  File has not been updated.

default: Challenge_shoreside.cpp Challenge_shoreside_Info.cpp main.cpp
#  Implicit rule search has not been done.
#  Modification time never checked.
#  File has not been updated.
#  recipe to execute (from 'Makefile', line 24):
	g++ -Wall -o p${NAME} ${SRC} -I${MOOS_INCLUDE} -I${MOOSCORE_INCLUDE} -I${MOOSUTIL_INCLUDE} -I${MOOSCOMM_INCLUDE} -I${GETPOT_INCLUDE} -I${POCOBITS_INCLUDE} -I${MOOSAPP_INCLUDE} -I${APPCAST_INCLUDE} -L${MOOS_LIBDIR} -L${MOOSCORE_LIBDIR} ${LIBS}

# Not a target:
Challenge_shoreside.cpp:
#  Implicit rule search has not been done.
#  Modification time never checked.
#  File has not been updated.

# Not a target:
.DEFAULT:
#  Implicit rule search has not been done.
#  Modification time never checked.
#  File has not been updated.

clean:
#  Implicit rule search has not been done.
#  Implicit/static pattern stem: ''
#  File does not exist.
#  File has been updated.
#  Needs to be updated (-q is set).
# automatic
# @ := clean
# automatic
# % := 
# automatic
# * := 
# automatic
# + := 
# automatic
# | := 
# automatic
# < := 
# automatic
# ^ := 
# automatic
# ? := 
# variable set hash-table stats:
# Load=8/32=25%, Rehash=0, Collisions=3/14=21%
#  recipe to execute (from 'Makefile', line 31):
	rm -f *.o
	rm -f ${INSTALL_DIR}/p${NAME}

# Not a target:
Challenge_shoreside_Info.cpp:
#  Implicit rule search has not been done.
#  Modification time never checked.
#  File has not been updated.

install:
#  Implicit rule search has not been done.
#  Modification time never checked.
#  File has not been updated.
#  recipe to execute (from 'Makefile', line 27):
	mkdir -p ${INSTALL_DIR}
 
	mv p${NAME} ${INSTALL_DIR}

# files hash-table stats:
# Load=10/1024=1%, Rehash=0, Collisions=0/31=0%
# VPATH Search Paths

# No 'vpath' search paths.

# No general ('VPATH' variable) search path.

# strcache buffers: 1 (0) / strings = 19 / storage = 251 B / avg = 13 B
# current buf: size = 8162 B / used = 251 B / count = 19 / avg = 13 B

# strcache performance: lookups = 35 / hit rate = 45%
# hash-table stats:
# Load=19/8192=0%, Rehash=0, Collisions=1/35=3%
# Finished Make data base on Thu Aug  4 08:42:59 2022

 
