*************************************
*  This is Antler, head of MOOS...  *
*  P. Newman 2008                   *
*************************************


|****** Launch ******|

Unless directed otherwise using system path to locate binaries 
   [000] Process: MOOSDB          ~ MOOSDB          launched successfully
------------------- MOOSDB V10 -------------------
  Hosting  community                [1;32m"North_Pacific_right_whale"
[0m  Name look up is                   [31moff
[0m  Asynchronous support is           [1;32mon
[0m  Connect to this server on port    [32m9310[0m
--------------------------------------------------
[0m1659705215.0310   disabling nagle
[0m   [001] Process: uProcessWatch   ~ uProcessWatch   launched successfully
[32muProcessWatch launching as uProcessWatch
[0m
1659705215.0981 [33m139683181340416- [0m                          disabling nagle
[0m
-------------- moos connect ----------------------
  contacting a MOOS server localhost:9310 -  try 00001    [002] Process: pShare          ~ pShare          launched successfully
1659705215.1374 [33m139764862801664- [0m                          disabling nagle
[0m
-------------- moos connect ----------------------
  contacting a MOOS server localhost:9310 -  try 00001    [003] Process: uSimMarine      ~ uSimMarine      launched successfully
[32muSimMarine launching as uSimMarine
[0m
[1;33mnetwork performance data published on localhost:9020
listen with "nc -u -lk 9020"
[0m
------------[1;32mCONNECT[0m-------------
  Handshaking   :  [32mOK
[0m  Client's name :  [32muProcessWatch[0m
  Type          :  [1;33mAsynchronous[0m
  Priority      :  [32mnormal[0m
  Total Clients :  [32m1[0m
--------------------------------

  Handshaking as uProcessWatch          [1;32m[ok]
[0m  DB reports async support is           [1;32m[on]
[0m  DB is running on                      [1;32mauv-jre
[0m  Timing skew estimation is             [33m[off] (not needed)
[0m--------------------------------------------------

1659705215.2012 [33m139998697314048- [0m                          disabling nagle
[0m
-------------- moos connect ----------------------
  contacting a MOOS server localhost:9310 -  try 00001    [004] Process: pLogger         ~ pLogger         launched successfully
1659705215.2436 [33m139892902311680- [0m                          disabling nagle
[0m
-------------- moos connect ----------------------
  contacting a MOOS server localhost:9310 -  try 00001    [005] Process: pNodeReporter   ~ pNodeReporter   launched successfully
[32mpNodeReporter launching as pNodeReporter
[0m
1659705215.2930 [33m140207098373888- [0m                          disabling nagle
[0m
-------------- moos connect ----------------------
  contacting a MOOS server localhost:9310 -  try 00001 
------------[1;32mCONNECT[0m-------------
  Handshaking   :  [32mOK
[0m  Client's name :  [32mpShare[0m
  Type          :  [1;33mAsynchronous[0m
  Priority      :  [32mnormal[0m
  Total Clients :  [32m2[0m
--------------------------------

  Handshaking as pShare                 [1;32m[ok]
[0m  DB reports async support is           [1;32m[on]
[0m  DB is running on                      [1;32mauv-jre
[0m  Timing skew estimation is             [33m[off] (not needed)
[0m--------------------------------------------------

   [006] Process: pMarinePID      ~ pMarinePID      launched successfully
[32mpMarinePID launching as pMarinePID
[0m
1659705215.3643 [33m140027116930816- [0m                          disabling nagle
[0m
-------------- moos connect ----------------------
  contacting a MOOS server localhost:9310 -  try 00001    [007] Process: pHelmIvP        ~ pHelmIvP        launched successfully

------------[1;32mCONNECT[0m-------------
  Handshaking   :  [32mOK
[0m  Client's name :  [32muSimMarine[0m
  Type          :  [1;33mAsynchronous[0m
  Priority      :  [32mnormal[0m
  Total Clients :  [32m3[0m
--------------------------------

  Handshaking as uSimMarine             [1;32m[ok]
[0m  DB reports async support is           [1;32m[on]
[0m  DB is running on                      [1;32mauv-jre
[0m  Timing skew estimation is             [33m[off] (not needed)
[0m--------------------------------------------------

Sim connected
1659705215.4225 [33m139980415907584- [0m                          disabling nagle
[0m
-------------- moos connect ----------------------
  contacting a MOOS server localhost:9310 -  try 00001    [008] Process: pHostInfo       ~ pHostInfo       launched successfully
[32mpHostInfo launching as pHostInfo
[0m
1659705215.4732 [33m139721514166016- [0m                          disabling nagle
[0m
-------------- moos connect ----------------------
  contacting a MOOS server localhost:9310 -  try 00001    [009] Process: uFldNodeBroker  ~ uFldNodeBroker  launched successfully

------------[1;32mCONNECT[0m-------------
  Handshaking   :  [32mOK
[0m  Client's name :  [32mpLogger[0m
  Type          :  [1;33mAsynchronous[0m
  Priority      :  [32mnormal[0m
  Total Clients :  [32m4[0m
--------------------------------
[32muFldNodeBroker launching as: uFldNodeBroker
[0m

  Handshaking as pLogger                [1;32m[ok]
[0m  DB reports async support is           [1;32m[on]
[0m  DB is running on                      [1;32mauv-jre
[0m  Timing skew estimation is             [33m[off] (not needed)
[0m--------------------------------------------------

   [010] Process: uLoadWatch      ~ uLoadWatch      launched successfully
[32muLoadWatch launching as uLoadWatch
[0m
   [011] Process: uMemWatch       ~ uMemWatch       launched successfully
1659705215.5946 [33m140248189232896- [0m                          disabling nagle
[0m
-------------- moos connect ----------------------
  contacting a MOOS server localhost:9310 -  try 00001 
------------[1;32mCONNECT[0m-------------
  Handshaking   :  [32mOK
[0m  Client's name :  [32mpNodeReporter[0m
  Type          :  [1;33mAsynchronous[0m
  Priority      :  [32mnormal[0m
  Total Clients :  [32m5[0m
--------------------------------

  Handshaking as pNodeReporter          [1;32m[ok]
[0m  DB reports async support is           [1;32m[on]
[0m  DB is running on                      [1;32mauv-jre
[0m  Timing skew estimation is             [33m[off] (not needed)
[0m--------------------------------------------------

[32muMemWatch launching as uMemWatch
[0m
   [012] Process: pContactMgrV20  ~ pContactMgrV20  launched successfully
1659705215.6534 [33m139730586957568- [0m                          disabling nagle
[0m
-------------- moos connect ----------------------
  contacting a MOOS server localhost:9310 -  try 00001 1659705215.6614 [33m139714113615616- [0m                          disabling nagle
[0m
-------------- moos connect ----------------------
  contacting a MOOS server localhost:9310 -  try 00001 [32mpBasicContactMgrV20 launching as pContactMgrV20
[0m
   [013] Process: pRealm          ~ pRealm          launched successfully

------------[1;32mCONNECT[0m-------------
  Handshaking   :  [32mOK
[0m  Client's name :  [32mpMarinePID[0m
  Type          :  [1;33mAsynchronous[0m
  Priority      :  [32mnormal[0m
  Total Clients :  [32m6[0m
--------------------------------

  Handshaking as pMarinePID             [1;32m[ok]
[0m  DB reports async support is           [1;32m[on]
[0m  DB is running on                      [1;32mauv-jre
[0m  Timing skew estimation is             [33m[off] (not needed)
[0m--------------------------------------------------

1659705215.7015 [33m140294664161024- [0m                          disabling nagle
[0m
-------------- moos connect ----------------------
  contacting a MOOS server localhost:9310 -  try 00001    [014] Process: uTimerScript    ~ uTimerScript    launched successfully
[32mpRealm launching as pRealm
[0m
***************************************************
*  uProcessWatch starting ...
***************************************************
+++++++++++++++++++++++++++++++++++++++++++++++++
param =  SUMMARY_WAIT
+++++++++++++++++++++++++++++++++++++++++++++++++
param =  NOWATCH
+++++++++++++++++++++++++++++++++++++++++++++++++
param =  NOWATCH
+++++++++++++++++++++++++++++++++++++++++++++++++
param =  NOWATCH
+++++++++++++++++++++++++++++++++++++++++++++++++
param =  WATCH
+++++++++++++++++++++++++++++++++++++++++++++++++
param =  WATCH
+++++++++++++++++++++++++++++++++++++++++++++++++
param =  WATCH
+++++++++++++++++++++++++++++++++++++++++++++++++
param =  WATCH
+++++++++++++++++++++++++++++++++++++++++++++++++
param =  WATCH_ALL
+++++++++++++++++++++++++++++++++++++++++++++++++
param =  ALLOW_RETRACTIONS
+++++++++++++++++++++++++++++++++++++++++++++++++
param =  COMMSTICK
+++++++++++++++++++++++++++++++++++++++++++++++++
param =  APPTICK
uProcessWatch is Running:
 |-Baseline AppTick   @ 1.0 Hz
 |--Comms is Full Duplex and Asynchronous
 -Iterate Mode 0 :
   |-Regular iterate and message delivery at 1 Hz


[32muTimerScript launching as uTimerScript
[0m
1659705215.7758 [33m139723556423424- [0m                          disabling nagle
[0m
-------------- moos connect ----------------------
  contacting a MOOS server localhost:9310 -  try 00001    [015] Process: pChallenge_whale ~ pChallenge_whale launched successfully

------------[1;32mCONNECT[0m-------------
  Handshaking   :  [32mOK
[0m  Client's name :  [32mpHelmIvP[0m
  Type          :  [1;33mAsynchronous[0m
  Priority      :  [32mnormal[0m
  Total Clients :  [32m7[0m
--------------------------------

  Handshaking as pHelmIvP               [1;32m[ok]
[0m  DB reports async support is           [1;32m[on]
[0m  DB is running on                      [1;32mauv-jre
[0m  Timing skew estimation is             [33m[off] (not needed)
[0m--------------------------------------------------

[32mpChallenge_whale launching as pChallenge_whale
[0m
---------------------- [1;33mROUTING INFORMATION[0m ------------------------------------
[1;32mStandard Routes:
[0m   none
[1;32mWildcard Routes:
[0m   none
[1;32mListening on:
[0m  <-- localhost:9410      [udp]
-------------------------------------------------------------------------------
pShare is Running:
 |-Baseline AppTick   @ 40.0 Hz
 |--Comms is Full Duplex and Asynchronous
 |--Iterate Mode 2 :
   -Regular iterate at 40 Hz. 
   |-Dynamic message delivery at an unlimited rate


1659705215.8470 [33m140295804753664- [0m                          disabling nagle
[0m
-------------- moos connect ----------------------
  contacting a MOOS server localhost:9310 -  try 00001 1659705215.8545 [33m140526779696896- [0m                          disabling nagle
[0m
-------------- moos connect ----------------------
  contacting a MOOS server localhost:9310 -  try 00001 
------------[1;32mCONNECT[0m-------------
  Handshaking   :  [32mOK
[0m  Client's name :  [32mpHostInfo[0m
  Type          :  [1;33mAsynchronous[0m
  Priority      :  [32mnormal[0m
  Total Clients :  [32m8[0m
--------------------------------

  Handshaking as pHostInfo              [1;32m[ok]
[0m  DB reports async support is           [1;32m[on]
[0m  DB is running on                      [1;32mauv-jre
[0m  Timing skew estimation is             [33m[off] (not needed)
[0m--------------------------------------------------

***************************************************
*  uSimMarine starting ...
***************************************************
+++++++++++++++++++++++++++++++++++++++++++++++++
param =  THRUST_MAP
+++++++++++++++++++++++++++++++++++++++++++++++++
param =  PREFIX
+++++++++++++++++++++++++++++++++++++++++++++++++
param =  START_POS
+++++++++++++++++++++++++++++++++++++++++++++++++
param =  COMMSTICK
+++++++++++++++++++++++++++++++++++++++++++++++++
param =  APPTICK
uSimMarine started 
uSimMarine is Running:
 |-Baseline AppTick   @ 10.0 Hz
 |--Comms is Full Duplex and Asynchronous
 -Iterate Mode 0 :
   |-Regular iterate and message delivery at 10 Hz



------------[1;32mCONNECT[0m-------------
  Handshaking   :  [32mOK
[0m  Client's name :  [32muFldNodeBroker[0m
  Type          :  [1;33mAsynchronous[0m
  Priority      :  [32mnormal[0m
  Total Clients :  [32m9[0m
--------------------------------

  Handshaking as uFldNodeBroker         [1;32m[ok]
[0m  DB reports async support is           [1;32m[on]
[0m  DB is running on                      [1;32mauv-jre
[0m  Timing skew estimation is             [33m[off] (not needed)
[0m--------------------------------------------------

+ subs of "pNodeReporter" to "NAV_X" via wildcard "NAV_*:*"
+ subs of "pNodeReporter" to "NAV_Y" via wildcard "NAV_*:*"
+ subs of "pNodeReporter" to "NAV_LAT" via wildcard "NAV_*:*"
+ subs of "pNodeReporter" to "NAV_LONG" via wildcard "NAV_*:*"
+ subs of "pNodeReporter" to "NAV_HEADING" via wildcard "NAV_*:*"
+ subs of "pNodeReporter" to "NAV_SPEED" via wildcard "NAV_*:*"
+ subs of "pNodeReporter" to "NAV_DEPTH" via wildcard "NAV_*:*"
+ subs of "pNodeReporter" to "NAV_Z" via wildcard "NAV_*:*"
+ subs of "pNodeReporter" to "NAV_PITCH" via wildcard "NAV_*:*"
+ subs of "pNodeReporter" to "NAV_YAW" via wildcard "NAV_*:*"
+ subs of "pNodeReporter" to "NAV_HEADING_OVER_GROUND" via wildcard "NAV_*:*"
+ subs of "pNodeReporter" to "NAV_SPEED_OVER_GROUND" via wildcard "NAV_*:*"
pLogger is Running:
 |-Baseline AppTick   @ 1.0 Hz
 |--Comms is Full Duplex and Asynchronous
 -Iterate Mode 0 :
   |-Regular iterate and message delivery at 1 Hz



------------[1;32mCONNECT[0m-------------
  Handshaking   :  [32mOK
[0m  Client's name :  [32muLoadWatch[0m
  Type          :  [1;33mAsynchronous[0m
  Priority      :  [32mnormal[0m
  Total Clients :  [32m10[0m
--------------------------------

  Handshaking as uLoadWatch             [1;32m[ok]
[0m  DB reports async support is           [1;32m[on]
[0m  DB is running on                      [1;32mauv-jre
[0m  Timing skew estimation is             [33m[off] (not needed)
[0m--------------------------------------------------

[33m+ subs of "uLoadWatch" to variables matching "*_ITER_LEN:*"[0m
+ subs of "uLoadWatch" to "USIMMARINE_ITER_GAP" via wildcard "*_ITER_GAP:*"
***************************************************
*  pNodeReporter starting ...
***************************************************
+++++++++++++++++++++++++++++++++++++++++++++++++
param =  GROUP
+++++++++++++++++++++++++++++++++++++++++++++++++
param =  PLATFORM_TYPE
+++++++++++++++++++++++++++++++++++++++++++++++++
param =  COMMSTICK
+++++++++++++++++++++++++++++++++++++++++++++++++
param =  APPTICK
pNodeReporter is Running:
 |-Baseline AppTick   @ 2.0 Hz
 |--Comms is Full Duplex and Asynchronous
 -Iterate Mode 0 :
   |-Regular iterate and message delivery at 2 Hz


[33m+ subs of "pNodeReporter" to variables matching "NAV_*:*"[0m
[33m+ subs of "pNodeReporter" to variables matching "NAV_*:*"[0m
[33m+ subs of "pNodeReporter" to variables matching "NAV_*:*"[0m
[33m+ subs of "pNodeReporter" to variables matching "NAV_*:*"[0m
[33m+ subs of "pNodeReporter" to variables matching "NAV_*:*"[0m
[33m+ subs of "pNodeReporter" to variables matching "NAV_*:*"[0m
[33m+ subs of "pNodeReporter" to variables matching "NAV_*:*"[0m
[33m+ subs of "pNodeReporter" to variables matching "NAV_*:*"[0m
[33m+ subs of "pNodeReporter" to variables matching "NAV_*:*"[0m
[33m+ subs of "pNodeReporter" to variables matching "NAV_*:*"[0m
[33m+ subs of "pNodeReporter" to variables matching "NAV_*:*"[0m
[33m+ subs of "pNodeReporter" to variables matching "NAV_*:*"[0m
[33m+ subs of "pNodeReporter" to variables matching "NAV_*:*"[0m
[33m+ subs of "pNodeReporter" to variables matching "NAV_*:*"[0m

------------[1;32mCONNECT[0m-------------
  Handshaking   :  [32mOK
[0m  Client's name :  [32muMemWatch[0m
  Type          :  [1;33mAsynchronous[0m
  Priority      :  [32mnormal[0m
  Total Clients :  [32m11[0m
--------------------------------

  Handshaking as uMemWatch              [1;32m[ok]
[0m  DB reports async support is           [1;32m[on]
[0m  DB is running on                      [1;32mauv-jre
[0m  Timing skew estimation is             [33m[off] (not needed)
[0m--------------------------------------------------

***************************************************
*  pMarinePID starting ...
***************************************************
+++++++++++++++++++++++++++++++++++++++++++++++++
param =  MAXELEVATOR
+++++++++++++++++++++++++++++++++++++++++++++++++
param =  MAXPITCH
+++++++++++++++++++++++++++++++++++++++++++++++++
param =  MAXTHRUST
+++++++++++++++++++++++++++++++++++++++++++++++++
param =  MAXRUDDER
+++++++++++++++++++++++++++++++++++++++++++++++++
param =  Z_TO_PITCH_PID_INTEGRAL_LIMIT
+++++++++++++++++++++++++++++++++++++++++++++++++
param =  Z_TO_PITCH_PID_KI
+++++++++++++++++++++++++++++++++++++++++++++++++
param =  Z_TO_PITCH_PID_KD
+++++++++++++++++++++++++++++++++++++++++++++++++
param =  Z_TO_PITCH_PID_KP
+++++++++++++++++++++++++++++++++++++++++++++++++
param =  PITCH_PID_INTEGRAL_LIMIT
+++++++++++++++++++++++++++++++++++++++++++++++++
param =  PITCH_PID_KI
+++++++++++++++++++++++++++++++++++++++++++++++++
param =  PITCH_PID_KD
+++++++++++++++++++++++++++++++++++++++++++++++++
param =  PITCH_PID_KP
+++++++++++++++++++++++++++++++++++++++++++++++++
param =  SPEED_PID_INTEGRAL_LIMIT
+++++++++++++++++++++++++++++++++++++++++++++++++
param =  SPEED_PID_KI
+++++++++++++++++++++++++++++++++++++++++++++++++
param =  SPEED_PID_KD
+++++++++++++++++++++++++++++++++++++++++++++++++
param =  SPEED_PID_KP
+++++++++++++++++++++++++++++++++++++++++++++++++
param =  YAW_PID_INTEGRAL_LIMIT
+++++++++++++++++++++++++++++++++++++++++++++++++
param =  YAW_PID_KI
+++++++++++++++++++++++++++++++++++++++++++++++++
param =  YAW_PID_KD
+++++++++++++++++++++++++++++++++++++++++++++++++
param =  YAW_PID_KP
+++++++++++++++++++++++++++++++++++++++++++++++++
param =  ACTIVE_START
+++++++++++++++++++++++++++++++++++++++++++++++++
param =  DEPTH_CONTROL
+++++++++++++++++++++++++++++++++++++++++++++++++
param =  VERBOSE
+++++++++++++++++++++++++++++++++++++++++++++++++
param =  COMMSTICK
+++++++++++++++++++++++++++++++++++++++++++++++++
param =  APPTICK
pMarinePID starting....
 pMarinePID says: ** NEW CONTROLLER GAINS ARE **
 pMarinePID says: YAW_PID_KP             = 0.400
 pMarinePID says: YAW_PID_KD             = 0.100
 pMarinePID says: YAW_PID_KI             = 0.000
 pMarinePID says: YAW_PID_INTEGRAL_LIMIT = 0.070
 pMarinePID says: MAXRUDDER              = 100.000
 pMarinePID says: SPEED_PID_KP           = 1.000
 pMarinePID says: SPEED_PID_KD           = 0.000
 pMarinePID says: SPEED_PID_KI           = 0.000
 pMarinePID says: SPEED_PID_INTEGRAL_LIMIT = 0.070
 pMarinePID says: MAXTHRUST              = 100.000
 pMarinePID says: Z_TO_PITCH_PID_KP      = 0.120
 pMarinePID says: Z_TO_PITCH_PID_KD      = 0.000
 pMarinePID says: Z_TO_PITCH_PID_KI      = 0.004
 pMarinePID says: Z_TO_PITCH_PID_KI_LIMIT= 0.050
 pMarinePID says: MAXELEVATOR            = 13.000
 pMarinePID says: PITCH_PID_KP           = 0.500
 pMarinePID says: PITCH_PID_KD           = 1.000
 pMarinePID says: PITCH_PID_KI           = 0.000
 pMarinePID says: PITCH_PID_KI_LIMIT     = 0.000
 pMarinePID says: MAXPITCH               = 0.262
Depth Control is ON
pMarinePID is Running:
 |-Baseline AppTick   @ 2.0 Hz
 |--Comms is Full Duplex and Asynchronous
 -Iterate Mode 0 :
   |-Regular iterate and message delivery at 2 Hz



------------[1;32mCONNECT[0m-------------
  Handshaking   :  [32mOK
[0m  Client's name :  [32mpContactMgrV20[0m
  Type          :  [1;33mAsynchronous[0m
  Priority      :  [32mnormal[0m
  Total Clients :  [32m12[0m
--------------------------------

  Handshaking as pContactMgrV20         [1;32m[ok]
[0m  DB reports async support is           [1;32m[on]
[0m  DB is running on                      [1;32mauv-jre
[0m  Timing skew estimation is             [33m[off] (not needed)
[0m--------------------------------------------------

***************************************************
*  pHelmIvP starting ...
***************************************************
+++++++++++++++++++++++++++++++++++++++++++++++++
param =  HOLD_ON_APPS
+++++++++++++++++++++++++++++++++++++++++++++++++
param =  DOMAIN
+++++++++++++++++++++++++++++++++++++++++++++++++
param =  DOMAIN
+++++++++++++++++++++++++++++++++++++++++++++++++
param =  DOMAIN
+++++++++++++++++++++++++++++++++++++++++++++++++
param =  VERBOSE
+++++++++++++++++++++++++++++++++++++++++++++++++
param =  BEHAVIORS
+++++++++++++++++++++++++++++++++++++++++++++++++
param =  COMMSTICK
+++++++++++++++++++++++++++++++++++++++++++++++++
param =  APPTICK
In Helm OnStartUp()
Number of behavior files: 1
Processing Behavior File: targ_North_Pacific_right_whale.bhv  START
    Successfully found file: targ_North_Pacific_right_whale.bhv
Processing Behavior File: targ_North_Pacific_right_whale.bhv  END
[32mLoading behavior dynamic libraries specified in IVP_BEHAVIOR_DIRS...
[0m  Environment variable IVP_BEHAVIOR_DIRS not set.
Loading behavior dynamic libraries specified in IVP_BEHAVIOR_DIRS skipped.
BehaviorSpec: Kind=[BHV_Waypoint] (on line 36)
  # of lines: 10
[0]: [name      = waypt_patrol]
[1]: [pwt       = 100]
[2]: [updates   = SWIM_UPDATES]
[3]: [condition = MODE==SWIMMING]
[4]: [speed = 2.5]
[5]: [radius = 3.0]
[6]: [nm_radius = 15.0]
[7]: [polygon=format=ellipse,x=-1175.00,y=-1098.00,degs=36,minor=516,major=1346,pts=16,label=North_Pacific_right_whale_wpt]
[8]: [repeat = forever]
[9]: [lead = 8]
BehaviorSpec: Kind=[BHV_Waypoint] (on line 52)
  # of lines: 10
[0]: [name      = waypt_tagged]
[1]: [pwt       = 100]
[2]: [updates   = TAGGED_UPDATES]
[3]: [condition = MODE==TAGGED]
[4]: [speed = 1.25]
[5]: [radius = 3.0]
[6]: [nm_radius = 15.0]
[7]: [polygon=format=ellipse,x=-1175.00,y=-1098.00,degs=36,minor=516,major=1346,pts=16,label=North_Pacific_right_whale_wpt]
[8]: [repeat = forever]
[9]: [lead = 8]
BehaviorSpec: Kind=[BHV_AvoidCollision] (on line 67)
  # of lines: 18
[0]: [name         = avdcollision_]
[1]: [pwt          = 400]
[2]: [condition    = ESCAPE = true]
[3]: [updates      = AVOID_UPDATE]
[4]: [endflag      = CONTACT_RESOLVED = $[CONTACT]]
[5]: [bearing_lines = white:0, green:0.65, yellow:0.8, red:1.0]
[6]: [contact = NONE]
[7]: [decay = 15,30]
[8]: [extrapolate = true]
[9]: [on_no_contact_ok = true]
[10]: [time_on_leg = 60]
[11]: [completed_dist = 500]
[12]: [max_util_cpa_dist = 75]
[13]: [min_util_cpa_dist = 5]
[14]: [no_alert_request = false]
[15]: [pwt_grade = quasi]
[16]: [pwt_inner_dist = 5]
[17]: [pwt_outer_dist = 50]
BehaviorSpec: Kind=[BHV_Waypoint] (on line 105)
  # of lines: 12
[0]: [name      = waypt_return]
[1]: [pwt       = 100]
[2]: [updates   = RETURN_UPDATES]
[3]: [condition = MODE==RETURNING]
[4]: [endflag   = STATION_KEEP = true]
[5]: [endflag   = CLOSE = false]
[6]: [speed = 1.3]
[7]: [radius = 3.0]
[8]: [nm_radius = 15.0]
[9]: [point =  0,0]
[10]: [repeat = 10]
[11]: [lead = 8]
BehaviorSpec: Kind=[BHV_ConstantDepth] (on line 122)
  # of lines: 10
[0]: [name         = const_depth]
[1]: [pwt          = 100]
[2]: [condition    = MODE==ACTIVE]
[3]: [updates      = CONST_DEPTH_UPDATES]
[4]: [basewidth = 0.2]
[5]: [duration = no-time-limit]
[6]: [depth = 20.0]
[7]: [depth_mismatch_var = DEPTH_DIFF]
[8]: [peakwidth = 0]
[9]: [summitdelta = 0]
BehaviorSpec: Kind=[BHV_StationKeep] (on line 142)
  # of lines: 12
[0]: [name         = station-keep]
[1]: [pwt          = 100]
[2]: [condition    = MODE==STATION-KEEPING]
[3]: [inactiveflag = STATIONING = false]
[4]: [activeflag   = STATIONING = true]
[5]: [center_activate = true]
[6]: [inner_radius = 5]
[7]: [outer_radius = 10]
[8]: [outer_speed = 1.0]
[9]: [transit_speed = 1.3]
[10]: [swing_time = 7]
[11]: [visual_hints = vertex_size=0, edge_color=gray50]
BehaviorSet: Total # of specs: 6
Checking Param Collective: waypt_patrol
Checking Param Collective Done: Msg:[]
waypt_patrol
spec_build: 0  result:1
Checking Param Collective: waypt_tagged
Checking Param Collective Done: Msg:[]
waypt_tagged
spec_build: 1  result:1
Checking Param Collective: avdcollision_
Checking Param Collective Done: Msg:[]
avdcollision_
spec_build: 2  result:1
Checking Param Collective: waypt_return
Checking Param Collective Done: Msg:[]
waypt_return
spec_build: 3  result:1
Checking Param Collective: const_depth
Checking Param Collective Done: Msg:[]
const_depth
spec_build: 4  result:1
Checking Param Collective: station-keep
Checking Param Collective Done: Msg:[]
station-keep
spec_build: 5  result:1
BehaviorSet: all_builds_ok: true
total specs::5
Total Behaviors now: 1
Total Behaviors now: 2
Total Behaviors now: 3
Total Behaviors now: 4
Total Behaviors now: 5
mode description: MODE#---,ACTIVE#---,INACTIVE#ACTIVE,SWIMMING#ACTIVE,RETURNING#ACTIVE,ESCAPING#ACTIVE,TAGGED
pHelmIvP is Running:
 |-Baseline AppTick   @ 4.0 Hz
 |--Comms is Full Duplex and Asynchronous
 -Iterate Mode 0 :
   |-Regular iterate and message delivery at 4 Hz



------------[1;32mCONNECT[0m-------------
  Handshaking   :  [32mOK
[0m  Client's name :  [32mpRealm[0m
  Type          :  [1;33mAsynchronous[0m
  Priority      :  [32mnormal[0m
  Total Clients :  [32m13[0m
--------------------------------

  Handshaking as pRealm                 [1;32m[ok]
[0m  DB reports async support is           [1;32m[on]
[0m  DB is running on                      [1;32mauv-jre
[0m  Timing skew estimation is             [33m[off] (not needed)
[0m--------------------------------------------------

***************************************************
*  pHostInfo starting ...
***************************************************
+++++++++++++++++++++++++++++++++++++++++++++++++
param =  DEFAULT_HOSTIP_FORCE
+++++++++++++++++++++++++++++++++++++++++++++++++
param =  COMMSTICK
+++++++++++++++++++++++++++++++++++++++++++++++++
param =  APPTICK
pHostInfo is Running:
 |-Baseline AppTick   @ 1.0 Hz
 |--Comms is Full Duplex and Asynchronous
 -Iterate Mode 0 :
   |-Regular iterate and message delivery at 1 Hz



------------[1;32mCONNECT[0m-------------
  Handshaking   :  [32mOK
[0m  Client's name :  [32muTimerScript[0m
  Type          :  [1;33mAsynchronous[0m
  Priority      :  [32mnormal[0m
  Total Clients :  [32m14[0m
--------------------------------

  Handshaking as uTimerScript           [1;32m[ok]
[0m  DB reports async support is           [1;32m[on]
[0m  DB is running on                      [1;32mauv-jre
[0m  Timing skew estimation is             [33m[off] (not needed)
[0m--------------------------------------------------

***************************************************
*  uFldNodeBroker starting ...
***************************************************
+++++++++++++++++++++++++++++++++++++++++++++++++
param =  BRIDGE
+++++++++++++++++++++++++++++++++++++++++++++++++
param =  BRIDGE
+++++++++++++++++++++++++++++++++++++++++++++++++
param =  BRIDGE
+++++++++++++++++++++++++++++++++++++++++++++++++
param =  BRIDGE
+++++++++++++++++++++++++++++++++++++++++++++++++
param =  BRIDGE
+++++++++++++++++++++++++++++++++++++++++++++++++
param =  BRIDGE
+++++++++++++++++++++++++++++++++++++++++++++++++
param =  BRIDGE
+++++++++++++++++++++++++++++++++++++++++++++++++
param =  BRIDGE
+++++++++++++++++++++++++++++++++++++++++++++++++
param =  BRIDGE
+++++++++++++++++++++++++++++++++++++++++++++++++
param =  BRIDGE
+++++++++++++++++++++++++++++++++++++++++++++++++
param =  BRIDGE
+++++++++++++++++++++++++++++++++++++++++++++++++
param =  BRIDGE
+++++++++++++++++++++++++++++++++++++++++++++++++
param =  TRY_SHORE_HOST
+++++++++++++++++++++++++++++++++++++++++++++++++
param =  TRY_SHORE_HOST
+++++++++++++++++++++++++++++++++++++++++++++++++
param =  COMMSTICK
+++++++++++++++++++++++++++++++++++++++++++++++++
param =  APPTICK
uFldNodeBroker is Running:
 |-Baseline AppTick   @ 1.0 Hz
 |--Comms is Full Duplex and Asynchronous
 -Iterate Mode 0 :
   |-Regular iterate and message delivery at 1 Hz


---------------------- [1;33mROUTING INFORMATION[0m ------------------------------------
[1;32mStandard Routes:
[0m  routing for "NODE_BROKER_PING_0"
  --> 10.116.0.2:9200      as NODE_BROKER_PING [udp] every notification 
[1;32mWildcard Routes:
[0m   none
[1;32mListening on:
[0m  <-- localhost:9410      [udp]
-------------------------------------------------------------------------------
---------------------- [1;33mROUTING INFORMATION[0m ------------------------------------
[1;32mStandard Routes:
[0m  routing for "NODE_BROKER_PING_0"
  --> 10.116.0.2:9200      as NODE_BROKER_PING [udp] every notification 
  routing for "NODE_BROKER_PING_1"
  --> localhost:9200       as NODE_BROKER_PING [udp] every notification 
[1;32mWildcard Routes:
[0m   none
[1;32mListening on:
[0m  <-- localhost:9410      [udp]
-------------------------------------------------------------------------------
* pHelmIvP says: pHelmIvP AllStop: ManualOverride
+ subs of "uLoadWatch" to "PHELMIVP_ITER_LEN" via wildcard "*_ITER_LEN:*"

------------[1;32mCONNECT[0m-------------
  Handshaking   :  [32mOK
[0m  Client's name :  [32mpChallenge_whale[0m
  Type          :  [1;33mAsynchronous[0m
  Priority      :  [32mnormal[0m
  Total Clients :  [32m15[0m
--------------------------------

  Handshaking as pChallenge_whale       [1;32m[ok]
[0m  DB reports async support is           [1;32m[on]
[0m  DB is running on                      [1;32mauv-jre
[0m  Timing skew estimation is             [33m[off] (not needed)
[0m--------------------------------------------------

***************************************************
*  uLoadWatch starting ...
***************************************************
+++++++++++++++++++++++++++++++++++++++++++++++++
param =  BREACH_TRIGGER
+++++++++++++++++++++++++++++++++++++++++++++++++
param =  THRESH
+++++++++++++++++++++++++++++++++++++++++++++++++
param =  THRESH
+++++++++++++++++++++++++++++++++++++++++++++++++
param =  THRESH
+++++++++++++++++++++++++++++++++++++++++++++++++
param =  THRESH
+++++++++++++++++++++++++++++++++++++++++++++++++
param =  COMMSTICK
+++++++++++++++++++++++++++++++++++++++++++++++++
param =  APPTICK
uLoadWatch is Running:
 |-Baseline AppTick   @ 1.0 Hz
 |--Comms is Full Duplex and Asynchronous
 -Iterate Mode 0 :
   |-Regular iterate and message delivery at 1 Hz


[33m+ subs of "uLoadWatch" to variables matching "*_ITER_GAP:*"[0m
[33m+ subs of "uLoadWatch" to variables matching "*_ITER_LEN:*"[0m
[33m+ subs of "uLoadWatch" to variables matching "*_ITER_LEN:*"[0m
+ subs of "uLoadWatch" to "PNODEREPORTER_ITER_LEN" via wildcard "*_ITER_LEN:*"



PID REPORT: (1)(1.97912/sec)
PID_COURSE:  (Want):0.00000 (Curr):180.00000 (Diff):-180.00000 RUDDER:72.00000
PID_SPEED:  (Want):0.00000 (Curr):0.00000 (Diff):0.00000 (Delt):0.00000 THRUST:0.00000
PID_DEPTH:  (Want):0.00000 (Curr):4.98245 (Diff):4.98245 ELEVATOR:-7.50000
+ subs of "uLoadWatch" to "PMARINEPID_ITER_LEN" via wildcard "*_ITER_LEN:*"
+ subs of "uLoadWatch" to "UPROCESSWATCH_ITER_LEN" via wildcard "*_ITER_LEN:*"
***************************************************
*  uMemWatch starting ...
***************************************************
+++++++++++++++++++++++++++++++++++++++++++++++++
param =  WATCH_ONLY
+++++++++++++++++++++++++++++++++++++++++++++++++
param =  ABSOLUTE_TIME_GAP
+++++++++++++++++++++++++++++++++++++++++++++++++
param =  COMMSTICK
+++++++++++++++++++++++++++++++++++++++++++++++++
param =  APPTICK
uMemWatch is Running:
 |-Baseline AppTick   @ 0.4 Hz
 |--Comms is Full Duplex and Asynchronous
 -Iterate Mode 0 :
   |-Regular iterate and message delivery at 0.4 Hz


***************************************************
*  pContactMgrV20 starting ...
***************************************************
+++++++++++++++++++++++++++++++++++++++++++++++++
param =  CPA_RANGE_COLOR
+++++++++++++++++++++++++++++++++++++++++++++++++
param =  ALERT_RANGE_COLOR
+++++++++++++++++++++++++++++++++++++++++++++++++
param =  DISPLAY_RADII
+++++++++++++++++++++++++++++++++++++++++++++++++
param =  POST_CLOSEST_RANGE
+++++++++++++++++++++++++++++++++++++++++++++++++
param =  DISPLAY_RADII_ID
+++++++++++++++++++++++++++++++++++++++++++++++++
param =  DISPLAY_RADII
+++++++++++++++++++++++++++++++++++++++++++++++++
param =  CONTACT_MAX_AGE
+++++++++++++++++++++++++++++++++++++++++++++++++
param =  ALERT_VERBOSE
+++++++++++++++++++++++++++++++++++++++++++++++++
param =  DECAY
+++++++++++++++++++++++++++++++++++++++++++++++++
param =  COMMSTICK
+++++++++++++++++++++++++++++++++++++++++++++++++
param =  APPTICK
pContactMgrV20 is Running:
 |-Baseline AppTick   @ 2.0 Hz
 |--Comms is Full Duplex and Asynchronous
 -Iterate Mode 0 :
   |-Regular iterate and message delivery at 2 Hz


*+ subs of "uLoadWatch" to "PHELMIVP_ITER_GAP" via wildcard "*_ITER_GAP:*"
***************************************************
*  pRealm starting ...
***************************************************
+++++++++++++++++++++++++++++++++++++++++++++++++
param =  RELCAST_INTERVAL
+++++++++++++++++++++++++++++++++++++++++++++++++
param =  SUMMARY_INTERVAL
+++++++++++++++++++++++++++++++++++++++++++++++++
param =  COMMSTICK
+++++++++++++++++++++++++++++++++++++++++++++++++
param =  APPTICK
pRealm is Running:
 |-Baseline AppTick   @ 2.0 Hz
 |--Comms is Full Duplex and Asynchronous
 -Iterate Mode 0 :
   |-Regular iterate and message delivery at 2 Hz


***************************************************
*  uTimerScript starting ...
***************************************************
+++++++++++++++++++++++++++++++++++++++++++++++++
param =  COMMSTICK
+++++++++++++++++++++++++++++++++++++++++++++++++
param =  APPTICK
[34mRandom Variable configurations: 
[34mRandom Pair configurations: 
[0m
[35m
The Raw Script: ========================================
Total Elements: 0
====================================================
[0m
uTimerScript is Running:
 |-Baseline AppTick   @ 4.0 Hz
 |--Comms is Full Duplex and Asynchronous
 -Iterate Mode 0 :
   |-Regular iterate and message delivery at 4 Hz


copied file to ./LOG_NORTH_PACIFIC_RIGHT_WHALE_5_8_2022_____09_13_36/targ_North_Pacific_right_whale._bhv
*+ subs of "uLoadWatch" to "PNODEREPORTER_ITER_GAP" via wildcard "*_ITER_GAP:*"
min = 5
max = 100
pChallenge_whale is Running:
 |-Baseline AppTick   @ 4.0 Hz
 |--Comms is Full Duplex and Asynchronous
 -Iterate Mode 0 :
   |-Regular iterate and message delivery at 4 Hz


  Added wildcard logging of AIS_REPORT          
  Added wildcard logging of AIS_REPORT_LOCAL    
  Added wildcard logging of APPCAST_REQ         
  Added wildcard logging of AUX_MODE            
  Added wildcard logging of AVOID_UPDATE        
  Added wildcard logging of BCM_DISPLAY_RADII   
  Added wildcard logging of BCM_REPORT_REQUEST  
  Added wildcard logging of BUOYANCY_CONTROL    
  Added wildcard logging of BUOYANCY_RATE       
  Added wildcard logging of CONST_DEPTH_UPDATES 
  Added wildcard logging of CURRENT_X           
  Added wildcard logging of CURRENT_Y           
  Added wildcard logging of DB_EVENT            
  Added wildcard logging of DB_RWSUMMARY        
  Added wildcard logging of DB_TIME             
  Added wildcard logging of DB_UPTIME           
  Added wildcard logging of DEPLOY              
  Added wildcard logging of DESIRED_DEPTH       
  Added wildcard logging of DESIRED_ELEVATOR    
  Added wildcard logging of DESIRED_HEADING     
  Added wildcard logging of DESIRED_RUDDER      
  Added wildcard logging of DESIRED_SPEED       
  Added wildcard logging of DESIRED_THRUST      
  Added wildcard logging of DESIRED_THRUST_L    
  Added wildcard logging of DESIRED_THRUST_R    
  Added wildcard logging of DRIFT_VECTOR        
  Added wildcard logging of DRIFT_VECTOR_ADD    
  Added wildcard logging of DRIFT_VECTOR_MULT   
  Added wildcard logging of DRIFT_X             
  Added wildcard logging of DRIFT_Y             
  Added wildcard logging of ESCAPE              
  Added wildcard logging of EXITED_NORMALLY     
  Added wildcard logging of HELM_MAP_CLEAR      
  Added wildcard logging of HOST_INFO_REQUEST   
  Added wildcard logging of IVPHELM_ALLSTOP     
  Added wildcard logging of IVPHELM_CPU         
  Added wildcard logging of IVPHELM_DOMAIN      
  Added wildcard logging of IVPHELM_MODESET     
  Added wildcard logging of IVPHELM_REGISTER    
  Added wildcard logging of IVPHELM_REJOURNAL   
  Added wildcard logging of IVPHELM_STATE       
  Added wildcard logging of IVPHELM_SUMMARY     
  Added wildcard logging of LOAD_WARNING        
  Added wildcard logging of LOGGER_DIRECTORY    
  Added wildcard logging of LOGGER_RESTART      
  Added wildcard logging of MODE                
  Added wildcard logging of MOOS_MANUAL_OVERIDE 
  Added wildcard logging of MOOS_MANUAL_OVERRIDE
  Added wildcard logging of NAV_DEPTH           
  Added wildcard logging of NAV_HEADING         
  Added wildcard logging of NAV_HEADING_OVER_GROUND
  Added wildcard logging of NAV_SPEED           
  Added wildcard logging of NAV_TRAJECTORY      
  Added wildcard logging of NAV_TRANSP          
  Added wildcard logging of NAV_X               
  Added wildcard logging of NAV_Y               
  Added wildcard logging of NAV_Z               
  Added wildcard logging of NODE_BROKER_ACK     
  Added wildcard logging of NODE_BROKER_PING_0  
  Added wildcard logging of NODE_BROKER_PING_1  
  Added wildcard logging of NODE_COLOR_CHANGE   
  Added wildcard logging of NODE_GROUP_UPDATE   
  Added wildcard logging of NODE_REPORT         
  Added wildcard logging of NODE_REPORT_LOCAL_FIRST
  Added wildcard logging of OBSTACLE_HIT        
  Added wildcard logging of PATROL              
  Added wildcard logging of PCONTACTMGRV20_PID  
  Added wildcard logging of PHELMIVP_PID        
  Added wildcard logging of PID_REPORT          
  Added wildcard logging of PID_VERBOSE         
  Added wildcard logging of PLATFORM_COLOR      
  Added wildcard logging of PLOGGER_CMD         
  Added wildcard logging of PNODEREPORTER_PID   
  Added wildcard logging of PNR_PAUSE           
  Added wildcard logging of PROC_WATCH_ALL_OK   
  Added wildcard logging of PROC_WATCH_EVENT    
  Added wildcard logging of PROC_WATCH_SUMMARY  
  Added wildcard logging of PROC_WATCH_TIME_WARP
  Added wildcard logging of PSHARE_CMD          
  Added wildcard logging of PSHARE_INPUT_SUMMARY
  Added wildcard logging of PSHARE_OUTPUT_SUMMARY
  Added wildcard logging of REALMCAST_REQ       
  Added wildcard logging of RESTART_HELM        
  Added wildcard logging of RETURN              
  Added wildcard logging of RETURN_UPDATES      
  Added wildcard logging of ROTATE_SPEED        
  Added wildcard logging of SPEED_FACTOR        
  Added wildcard logging of STKEEP              
  Added wildcard logging of SWIM_UPDATES        
  Added wildcard logging of TAGGED              
  Added wildcard logging of TAGGED_UPDATES      
  Added wildcard logging of THRUST_MODE_DIFFERENTIAL
  Added wildcard logging of THRUST_MODE_REVERSE 
  Added wildcard logging of TRIM_CONTROL        
  Added wildcard logging of UFLDNODEBROKER_PID  
  Added wildcard logging of USM_DRIFT_SUMMARY   
  Added wildcard logging of USM_ENABLED         
  Added wildcard logging of USM_FSUMMARY        
  Added wildcard logging of USM_RESET           
  Added wildcard logging of USM_SIM_PAUSED      
  Added wildcard logging of USM_TURN_RATE       
  Added wildcard logging of UTS_FORWARD         
  Added wildcard logging of UTS_PAUSE           
  Added wildcard logging of UTS_RESET           
  Added wildcard logging of WATER_DEPTH         



PID REPORT: (2)(1.98901/sec)
PID_COURSE:  (Want):0.00000 (Curr):180.00000 (Diff):-180.00000 RUDDER:72.00000
PID_SPEED:  (Want):0.00000 (Curr):0.00000 (Diff):0.00000 (Delt):0.00000 THRUST:0.00000
PID_DEPTH:  (Want):0.00000 (Curr):4.96990 (Diff):4.96990 ELEVATOR:-7.50000
+ subs of "uLoadWatch" to "PMARINEPID_ITER_GAP" via wildcard "*_ITER_GAP:*"
+ subs of "uLoadWatch" to "UTIMERSCRIPT_ITER_LEN" via wildcard "*_ITER_LEN:*"
+ subs of "uLoadWatch" to "PCONTACTMGRV20_ITER_LEN" via wildcard "*_ITER_LEN:*"
*+ subs of "uLoadWatch" to "PHOSTINFO_ITER_LEN" via wildcard "*_ITER_LEN:*"
+ subs of "uLoadWatch" to "PREALM_ITER_LEN" via wildcard "*_ITER_LEN:*"
+ subs of "uLoadWatch" to "UFLDNODEBROKER_ITER_LEN" via wildcard "*_ITER_LEN:*"
---------------------- [1;33mROUTING INFORMATION[0m ------------------------------------
[1;32mStandard Routes:
[0m  routing for "NODE_BROKER_PING_0"
  --> 10.116.0.2:9200      as NODE_BROKER_PING [udp] every notification 
  routing for "NODE_BROKER_PING_1"
  --> localhost:9200       as NODE_BROKER_PING [udp] every notification 
[1;32mWildcard Routes:
[0m   none
[1;32mListening on:
[0m  <-- localhost:9410      [udp]
-------------------------------------------------------------------------------
---------------------- [1;33mROUTING INFORMATION[0m ------------------------------------
[1;32mStandard Routes:
[0m  routing for "NODE_BROKER_PING_0"
  --> 10.116.0.2:9200      as NODE_BROKER_PING [udp] every notification 
  routing for "NODE_BROKER_PING_1"
  --> localhost:9200       as NODE_BROKER_PING [udp] every notification 
[1;32mWildcard Routes:
[0m   none
[1;32mListening on:
[0m  <-- localhost:9410      [udp]
-------------------------------------------------------------------------------
+ subs of "uLoadWatch" to "UTIMERSCRIPT_ITER_GAP" via wildcard "*_ITER_GAP:*"
*+ subs of "uLoadWatch" to "ULOADWATCH_ITER_LEN" via wildcard "*_ITER_LEN:*"



PID REPORT: (3)(1.99237/sec)
PID_COURSE:  (Want):0.00000 (Curr):180.00000 (Diff):-180.00000 RUDDER:72.00000
PID_SPEED:  (Want):0.00000 (Curr):0.00000 (Diff):0.00000 (Delt):0.00000 THRUST:0.00000
PID_DEPTH:  (Want):0.00000 (Curr):4.95738 (Diff):4.95738 ELEVATOR:-7.50000
+ subs of "uLoadWatch" to "UPROCESSWATCH_ITER_GAP" via wildcard "*_ITER_GAP:*"
+ subs of "uLoadWatch" to "PCONTACTMGRV20_ITER_GAP" via wildcard "*_ITER_GAP:*"
*+ subs of "uLoadWatch" to "PREALM_ITER_GAP" via wildcard "*_ITER_GAP:*"
copied file to ./LOG_NORTH_PACIFIC_RIGHT_WHALE_5_8_2022_____09_13_36/targ_North_Pacific_right_whale._bhv
*


PID REPORT: (4)(1.99394/sec)
PID_COURSE:  (Want):0.00000 (Curr):180.00000 (Diff):-180.00000 RUDDER:72.00000
PID_SPEED:  (Want):0.00000 (Curr):0.00000 (Diff):0.00000 (Delt):0.00000 THRUST:0.00000
PID_DEPTH:  (Want):0.00000 (Curr):4.94485 (Diff):4.94485 ELEVATOR:-7.50000
*WARNING : Message APPCAST_REQ from pMarineViewer is 723.5 ms delayed
+ subs of "uLoadWatch" to "PHOSTINFO_ITER_GAP" via wildcard "*_ITER_GAP:*"
+ subs of "uLoadWatch" to "UFLDNODEBROKER_ITER_GAP" via wildcard "*_ITER_GAP:*"
---------------------- [1;33mROUTING INFORMATION[0m ------------------------------------
[1;32mStandard Routes:
[0m  routing for "NODE_BROKER_PING_0"
  --> 10.116.0.2:9200      as NODE_BROKER_PING [udp] every notification 
  routing for "NODE_BROKER_PING_1"
  --> localhost:9200       as NODE_BROKER_PING [udp] every notification 
  routing for "SHARK_BITE"
  --> 10.116.0.2:9200      as SHARK_BITE [udp] every notification 
[1;32mWildcard Routes:
[0m   none
[1;32mListening on:
[0m  <-- localhost:9410      [udp]
-------------------------------------------------------------------------------
---------------------- [1;33mROUTING INFORMATION[0m ------------------------------------
[1;32mStandard Routes:
[0m  routing for "NODE_BROKER_PING_0"
  --> 10.116.0.2:9200      as NODE_BROKER_PING [udp] every notification 
  routing for "NODE_BROKER_PING_1"
  --> localhost:9200       as NODE_BROKER_PING [udp] every notification 
  routing for "SHARK_BITE"
  --> 10.116.0.2:9200      as SHARK_BITE [udp] every notification 
  routing for "TREASURE_RECOVERED"
  --> 10.116.0.2:9200      as TREASURE_RECOVERED [udp] every notification 
[1;32mWildcard Routes:
[0m   none
[1;32mListening on:
[0m  <-- localhost:9410      [udp]
-------------------------------------------------------------------------------
---------------------- [1;33mROUTING INFORMATION[0m ------------------------------------
[1;32mStandard Routes:
[0m  routing for "NODE_BROKER_PING_0"
  --> 10.116.0.2:9200      as NODE_BROKER_PING [udp] every notification 
  routing for "NODE_BROKER_PING_1"
  --> localhost:9200       as NODE_BROKER_PING [udp] every notification 
  routing for "SHARK_BITE"
  --> 10.116.0.2:9200      as SHARK_BITE [udp] every notification 
  routing for "TREASURE_FOUND"
  --> 10.116.0.2:9200      as TREASURE_FOUND [udp] every notification 
  routing for "TREASURE_RECOVERED"
  --> 10.116.0.2:9200      as TREASURE_RECOVERED [udp] every notification 
[1;32mWildcard Routes:
[0m   none
[1;32mListening on:
[0m  <-- localhost:9410      [udp]
-------------------------------------------------------------------------------
---------------------- [1;33mROUTING INFORMATION[0m ------------------------------------
[1;32mStandard Routes:
[0m  routing for "FISH_PHOTOED"
  --> 10.116.0.2:9200      as FISH_PHOTOED [udp] every notification 
  routing for "NODE_BROKER_PING_0"
  --> 10.116.0.2:9200      as NODE_BROKER_PING [udp] every notification 
  routing for "NODE_BROKER_PING_1"
  --> localhost:9200       as NODE_BROKER_PING [udp] every notification 
  routing for "SHARK_BITE"
  --> 10.116.0.2:9200      as SHARK_BITE [udp] every notification 
  routing for "TREASURE_FOUND"
  --> 10.116.0.2:9200      as TREASURE_FOUND [udp] every notification 
  routing for "TREASURE_RECOVERED"
  --> 10.116.0.2:9200      as TREASURE_RECOVERED [udp] every notification 
[1;32mWildcard Routes:
[0m   none
[1;32mListening on:
[0m  <-- localhost:9410      [udp]
-------------------------------------------------------------------------------
---------------------- [1;33mROUTING INFORMATION[0m ------------------------------------
[1;32mStandard Routes:
[0m  routing for "FISH_PHOTOED"
  --> 10.116.0.2:9200      as FISH_PHOTOED [udp] every notification 
  routing for "NODE_BROKER_PING_0"
  --> 10.116.0.2:9200      as NODE_BROKER_PING [udp] every notification 
  routing for "NODE_BROKER_PING_1"
  --> localhost:9200       as NODE_BROKER_PING [udp] every notification 
  routing for "SHARK_BITE"
  --> 10.116.0.2:9200      as SHARK_BITE [udp] every notification 
  routing for "TREASURE_FOUND"
  --> 10.116.0.2:9200      as TREASURE_FOUND [udp] every notification 
  routing for "TREASURE_RECOVERED"
  --> 10.116.0.2:9200      as TREASURE_RECOVERED [udp] every notification 
  routing for "WHALE_TAGGED"
  --> 10.116.0.2:9200      as WHALE_TAGGED [udp] every notification 
[1;32mWildcard Routes:
[0m   none
[1;32mListening on:
[0m  <-- localhost:9410      [udp]
-------------------------------------------------------------------------------
---------------------- [1;33mROUTING INFORMATION[0m ------------------------------------
[1;32mStandard Routes:
[0m  routing for "FISH_PHOTOED"
  --> 10.116.0.2:9200      as FISH_PHOTOED [udp] every notification 
  routing for "NODE_BROKER_PING_0"
  --> 10.116.0.2:9200      as NODE_BROKER_PING [udp] every notification 
  routing for "NODE_BROKER_PING_1"
  --> localhost:9200       as NODE_BROKER_PING [udp] every notification 
  routing for "NODE_MESSAGE_LOCAL"
  --> 10.116.0.2:9200      as NODE_MESSAGE [udp] every notification 
  routing for "SHARK_BITE"
  --> 10.116.0.2:9200      as SHARK_BITE [udp] every notification 
  routing for "TREASURE_FOUND"
  --> 10.116.0.2:9200      as TREASURE_FOUND [udp] every notification 
  routing for "TREASURE_RECOVERED"
  --> 10.116.0.2:9200      as TREASURE_RECOVERED [udp] every notification 
  routing for "WHALE_TAGGED"
  --> 10.116.0.2:9200      as WHALE_TAGGED [udp] every notification 
[1;32mWildcard Routes:
[0m   none
[1;32mListening on:
[0m  <-- localhost:9410      [udp]
-------------------------------------------------------------------------------
---------------------- [1;33mROUTING INFORMATION[0m ------------------------------------
[1;32mStandard Routes:
[0m  routing for "FISH_PHOTOED"
  --> 10.116.0.2:9200      as FISH_PHOTOED [udp] every notification 
  routing for "NODE_BROKER_PING_0"
  --> 10.116.0.2:9200      as NODE_BROKER_PING [udp] every notification 
  routing for "NODE_BROKER_PING_1"
  --> localhost:9200       as NODE_BROKER_PING [udp] every notification 
  routing for "NODE_MESSAGE_LOCAL"
  --> 10.116.0.2:9200      as NODE_MESSAGE [udp] every notification 
  routing for "NODE_REPORT_LOCAL_FIRST"
  --> 10.116.0.2:9200      as NODE_REPORT [udp] every notification 
  routing for "SHARK_BITE"
  --> 10.116.0.2:9200      as SHARK_BITE [udp] every notification 
  routing for "TREASURE_FOUND"
  --> 10.116.0.2:9200      as TREASURE_FOUND [udp] every notification 
  routing for "TREASURE_RECOVERED"
  --> 10.116.0.2:9200      as TREASURE_RECOVERED [udp] every notification 
  routing for "WHALE_TAGGED"
  --> 10.116.0.2:9200      as WHALE_TAGGED [udp] every notification 
[1;32mWildcard Routes:
[0m   none
[1;32mListening on:
[0m  <-- localhost:9410      [udp]
-------------------------------------------------------------------------------
---------------------- [1;33mROUTING INFORMATION[0m ------------------------------------
[1;32mStandard Routes:
[0m  routing for "FISH_PHOTOED"
  --> 10.116.0.2:9200      as FISH_PHOTOED [udp] every notification 
  routing for "NODE_BROKER_PING_0"
  --> 10.116.0.2:9200      as NODE_BROKER_PING [udp] every notification 
  routing for "NODE_BROKER_PING_1"
  --> localhost:9200       as NODE_BROKER_PING [udp] every notification 
  routing for "NODE_MESSAGE_LOCAL"
  --> 10.116.0.2:9200      as NODE_MESSAGE [udp] every notification 
  routing for "NODE_REPORT_LOCAL"
  --> 10.116.0.2:9200      as NODE_REPORT [udp] every notification 
  routing for "NODE_REPORT_LOCAL_FIRST"
  --> 10.116.0.2:9200      as NODE_REPORT [udp] every notification 
  routing for "SHARK_BITE"
  --> 10.116.0.2:9200      as SHARK_BITE [udp] every notification 
  routing for "TREASURE_FOUND"
  --> 10.116.0.2:9200      as TREASURE_FOUND [udp] every notification 
  routing for "TREASURE_RECOVERED"
  --> 10.116.0.2:9200      as TREASURE_RECOVERED [udp] every notification 
  routing for "WHALE_TAGGED"
  --> 10.116.0.2:9200      as WHALE_TAGGED [udp] every notification 
[1;32mWildcard Routes:
[0m   none
[1;32mListening on:
[0m  <-- localhost:9410      [udp]
-------------------------------------------------------------------------------
---------------------- [1;33mROUTING INFORMATION[0m ------------------------------------
[1;32mStandard Routes:
[0m  routing for "FISH_PHOTOED"
  --> 10.116.0.2:9200      as FISH_PHOTOED [udp] every notification 
  routing for "NODE_BROKER_PING_0"
  --> 10.116.0.2:9200      as NODE_BROKER_PING [udp] every notification 
  routing for "NODE_BROKER_PING_1"
  --> localhost:9200       as NODE_BROKER_PING [udp] every notification 
  routing for "NODE_MESSAGE_LOCAL"
  --> 10.116.0.2:9200      as NODE_MESSAGE [udp] every notification 
  routing for "NODE_REPORT_LOCAL"
  --> 10.116.0.2:9200      as NODE_REPORT [udp] every notification 
  routing for "NODE_REPORT_LOCAL_FIRST"
  --> 10.116.0.2:9200      as NODE_REPORT [udp] every notification 
  routing for "SHARK_BITE"
  --> 10.116.0.2:9200      as SHARK_BITE [udp] every notification 
  routing for "TREASURE_FOUND"
  --> 10.116.0.2:9200      as TREASURE_FOUND [udp] every notification 
  routing for "TREASURE_RECOVERED"
  --> 10.116.0.2:9200      as TREASURE_RECOVERED [udp] every notification 
  routing for "VIEW_SEGLIST"
  --> 10.116.0.2:9200      as VIEW_SEGLIST [udp] every notification 
  routing for "WHALE_TAGGED"
  --> 10.116.0.2:9200      as WHALE_TAGGED [udp] every notification 
[1;32mWildcard Routes:
[0m   none
[1;32mListening on:
[0m  <-- localhost:9410      [udp]
-------------------------------------------------------------------------------
---------------------- [1;33mROUTING INFORMATION[0m ------------------------------------
[1;32mStandard Routes:
[0m  routing for "FISH_PHOTOED"
  --> 10.116.0.2:9200      as FISH_PHOTOED [udp] every notification 
  routing for "NODE_BROKER_PING_0"
  --> 10.116.0.2:9200      as NODE_BROKER_PING [udp] every notification 
  routing for "NODE_BROKER_PING_1"
  --> localhost:9200       as NODE_BROKER_PING [udp] every notification 
  routing for "NODE_MESSAGE_LOCAL"
  --> 10.116.0.2:9200      as NODE_MESSAGE [udp] every notification 
  routing for "NODE_REPORT_LOCAL"
  --> 10.116.0.2:9200      as NODE_REPORT [udp] every notification 
  routing for "NODE_REPORT_LOCAL_FIRST"
  --> 10.116.0.2:9200      as NODE_REPORT [udp] every notification 
  routing for "SHARK_BITE"
  --> 10.116.0.2:9200      as SHARK_BITE [udp] every notification 
  routing for "TREASURE_FOUND"
  --> 10.116.0.2:9200      as TREASURE_FOUND [udp] every notification 
  routing for "TREASURE_RECOVERED"
  --> 10.116.0.2:9200      as TREASURE_RECOVERED [udp] every notification 
  routing for "VIEW_POINT"
  --> 10.116.0.2:9200      as VIEW_POINT [udp] every notification 
  routing for "VIEW_SEGLIST"
  --> 10.116.0.2:9200      as VIEW_SEGLIST [udp] every notification 
  routing for "WHALE_TAGGED"
  --> 10.116.0.2:9200      as WHALE_TAGGED [udp] every notification 
[1;32mWildcard Routes:
[0m   none
[1;32mListening on:
[0m  <-- localhost:9410      [udp]
-------------------------------------------------------------------------------
---------------------- [1;33mROUTING INFORMATION[0m ------------------------------------
[1;32mStandard Routes:
[0m  routing for "FISH_PHOTOED"
  --> 10.116.0.2:9200      as FISH_PHOTOED [udp] every notification 
  routing for "NODE_BROKER_PING_0"
  --> 10.116.0.2:9200      as NODE_BROKER_PING [udp] every notification 
  routing for "NODE_BROKER_PING_1"
  --> localhost:9200       as NODE_BROKER_PING [udp] every notification 
  routing for "NODE_MESSAGE_LOCAL"
  --> 10.116.0.2:9200      as NODE_MESSAGE [udp] every notification 
  routing for "NODE_REPORT_LOCAL"
  --> 10.116.0.2:9200      as NODE_REPORT [udp] every notification 
  routing for "NODE_REPORT_LOCAL_FIRST"
  --> 10.116.0.2:9200      as NODE_REPORT [udp] every notification 
  routing for "SHARK_BITE"
  --> 10.116.0.2:9200      as SHARK_BITE [udp] every notification 
  routing for "TREASURE_FOUND"
  --> 10.116.0.2:9200      as TREASURE_FOUND [udp] every notification 
  routing for "TREASURE_RECOVERED"
  --> 10.116.0.2:9200      as TREASURE_RECOVERED [udp] every notification 
  routing for "VIEW_CIRCLE"
  --> 10.116.0.2:9200      as VIEW_CIRCLE [udp] every notification 
  routing for "VIEW_POINT"
  --> 10.116.0.2:9200      as VIEW_POINT [udp] every notification 
  routing for "VIEW_SEGLIST"
  --> 10.116.0.2:9200      as VIEW_SEGLIST [udp] every notification 
  routing for "WHALE_TAGGED"
  --> 10.116.0.2:9200      as WHALE_TAGGED [udp] every notification 
[1;32mWildcard Routes:
[0m   none
[1;32mListening on:
[0m  <-- localhost:9410      [udp]
-------------------------------------------------------------------------------
---------------------- [1;33mROUTING INFORMATION[0m ------------------------------------
[1;32mStandard Routes:
[0m  routing for "FISH_PHOTOED"
  --> 10.116.0.2:9200      as FISH_PHOTOED [udp] every notification 
  routing for "NODE_BROKER_PING_0"
  --> 10.116.0.2:9200      as NODE_BROKER_PING [udp] every notification 
  routing for "NODE_BROKER_PING_1"
  --> localhost:9200       as NODE_BROKER_PING [udp] every notification 
  routing for "NODE_MESSAGE_LOCAL"
  --> 10.116.0.2:9200      as NODE_MESSAGE [udp] every notification 
  routing for "NODE_REPORT_LOCAL"
  --> 10.116.0.2:9200      as NODE_REPORT [udp] every notification 
  routing for "NODE_REPORT_LOCAL_FIRST"
  --> 10.116.0.2:9200      as NODE_REPORT [udp] every notification 
  routing for "SHARK_BITE"
  --> 10.116.0.2:9200      as SHARK_BITE [udp] every notification 
  routing for "TREASURE_FOUND"
  --> 10.116.0.2:9200      as TREASURE_FOUND [udp] every notification 
  routing for "TREASURE_RECOVERED"
  --> 10.116.0.2:9200      as TREASURE_RECOVERED [udp] every notification 
  routing for "VIEW_CIRCLE"
  --> 10.116.0.2:9200      as VIEW_CIRCLE [udp] every notification 
  routing for "VIEW_POINT"
  --> 10.116.0.2:9200      as VIEW_POINT [udp] every notification 
  routing for "VIEW_POLYGON"
  --> 10.116.0.2:9200      as VIEW_POLYGON [udp] every notification 
  routing for "VIEW_SEGLIST"
  --> 10.116.0.2:9200      as VIEW_SEGLIST [udp] every notification 
  routing for "WHALE_TAGGED"
  --> 10.116.0.2:9200      as WHALE_TAGGED [udp] every notification 
[1;32mWildcard Routes:
[0m   none
[1;32mListening on:
[0m  <-- localhost:9410      [udp]
-------------------------------------------------------------------------------
---------------------- [1;33mROUTING INFORMATION[0m ------------------------------------
[1;32mStandard Routes:
[0m  routing for "FISH_PHOTOED"
  --> 10.116.0.2:9200      as FISH_PHOTOED [udp] every notification 
  routing for "NODE_BROKER_PING_0"
  --> 10.116.0.2:9200      as NODE_BROKER_PING [udp] every notification 
  routing for "NODE_BROKER_PING_1"
  --> localhost:9200       as NODE_BROKER_PING [udp] every notification 
  routing for "NODE_MESSAGE_LOCAL"
  --> 10.116.0.2:9200      as NODE_MESSAGE [udp] every notification 
  routing for "NODE_REPORT_LOCAL"
  --> 10.116.0.2:9200      as NODE_REPORT [udp] every notification 
  routing for "NODE_REPORT_LOCAL_FIRST"
  --> 10.116.0.2:9200      as NODE_REPORT [udp] every notification 
  routing for "REALMCAST"
  --> 10.116.0.2:9200      as REALMCAST  [udp] every notification 
  routing for "SHARK_BITE"
  --> 10.116.0.2:9200      as SHARK_BITE [udp] every notification 
  routing for "TREASURE_FOUND"
  --> 10.116.0.2:9200      as TREASURE_FOUND [udp] every notification 
  routing for "TREASURE_RECOVERED"
  --> 10.116.0.2:9200      as TREASURE_RECOVERED [udp] every notification 
  routing for "VIEW_CIRCLE"
  --> 10.116.0.2:9200      as VIEW_CIRCLE [udp] every notification 
  routing for "VIEW_POINT"
  --> 10.116.0.2:9200      as VIEW_POINT [udp] every notification 
  routing for "VIEW_POLYGON"
  --> 10.116.0.2:9200      as VIEW_POLYGON [udp] every notification 
  routing for "VIEW_SEGLIST"
  --> 10.116.0.2:9200      as VIEW_SEGLIST [udp] every notification 
  routing for "WHALE_TAGGED"
  --> 10.116.0.2:9200      as WHALE_TAGGED [udp] every notification 
[1;32mWildcard Routes:
[0m   none
[1;32mListening on:
[0m  <-- localhost:9410      [udp]
-------------------------------------------------------------------------------
---------------------- [1;33mROUTING INFORMATION[0m ------------------------------------
[1;32mStandard Routes:
[0m  routing for "FISH_PHOTOED"
  --> 10.116.0.2:9200      as FISH_PHOTOED [udp] every notification 
  routing for "NODE_BROKER_PING_0"
  --> 10.116.0.2:9200      as NODE_BROKER_PING [udp] every notification 
  routing for "NODE_BROKER_PING_1"
  --> localhost:9200       as NODE_BROKER_PING [udp] every notification 
  routing for "NODE_MESSAGE_LOCAL"
  --> 10.116.0.2:9200      as NODE_MESSAGE [udp] every notification 
  routing for "NODE_REPORT_LOCAL"
  --> 10.116.0.2:9200      as NODE_REPORT [udp] every notification 
  routing for "NODE_REPORT_LOCAL_FIRST"
  --> 10.116.0.2:9200      as NODE_REPORT [udp] every notification 
  routing for "REALMCAST"
  --> 10.116.0.2:9200      as REALMCAST  [udp] every notification 
  routing for "SHARK_BITE"
  --> 10.116.0.2:9200      as SHARK_BITE [udp] every notification 
  routing for "TREASURE_FOUND"
  --> 10.116.0.2:9200      as TREASURE_FOUND [udp] every notification 
  routing for "TREASURE_RECOVERED"
  --> 10.116.0.2:9200      as TREASURE_RECOVERED [udp] every notification 
  routing for "VIEW_CIRCLE"
  --> 10.116.0.2:9200      as VIEW_CIRCLE [udp] every notification 
  routing for "VIEW_POINT"
  --> 10.116.0.2:9200      as VIEW_POINT [udp] every notification 
  routing for "VIEW_POLYGON"
  --> 10.116.0.2:9200      as VIEW_POLYGON [udp] every notification 
  routing for "VIEW_SEGLIST"
  --> 10.116.0.2:9200      as VIEW_SEGLIST [udp] every notification 
  routing for "WATCHCAST"
  --> 10.116.0.2:9200      as WATCHCAST  [udp] every notification 
  routing for "WHALE_TAGGED"
  --> 10.116.0.2:9200      as WHALE_TAGGED [udp] every notification 
[1;32mWildcard Routes:
[0m   none
[1;32mListening on:
[0m  <-- localhost:9410      [udp]
-------------------------------------------------------------------------------
---------------------- [1;33mROUTING INFORMATION[0m ------------------------------------
[1;32mStandard Routes:
[0m  routing for "FISH_PHOTOED"
  --> 10.116.0.2:9200      as FISH_PHOTOED [udp] every notification 
  routing for "NODE_BROKER_PING_0"
  --> 10.116.0.2:9200      as NODE_BROKER_PING [udp] every notification 
  routing for "NODE_BROKER_PING_1"
  --> localhost:9200       as NODE_BROKER_PING [udp] every notification 
  routing for "NODE_MESSAGE_LOCAL"
  --> 10.116.0.2:9200      as NODE_MESSAGE [udp] every notification 
  routing for "NODE_REPORT_LOCAL"
  --> 10.116.0.2:9200      as NODE_REPORT [udp] every notification 
  routing for "NODE_REPORT_LOCAL_FIRST"
  --> 10.116.0.2:9200      as NODE_REPORT [udp] every notification 
  routing for "REALMCAST"
  --> 10.116.0.2:9200      as REALMCAST  [udp] every notification 
  routing for "REALMCAST_CHANNELS"
  --> 10.116.0.2:9200      as REALMCAST_CHANNELS [udp] every notification 
  routing for "SHARK_BITE"
  --> 10.116.0.2:9200      as SHARK_BITE [udp] every notification 
  routing for "TREASURE_FOUND"
  --> 10.116.0.2:9200      as TREASURE_FOUND [udp] every notification 
  routing for "TREASURE_RECOVERED"
  --> 10.116.0.2:9200      as TREASURE_RECOVERED [udp] every notification 
  routing for "VIEW_CIRCLE"
  --> 10.116.0.2:9200      as VIEW_CIRCLE [udp] every notification 
  routing for "VIEW_POINT"
  --> 10.116.0.2:9200      as VIEW_POINT [udp] every notification 
  routing for "VIEW_POLYGON"
  --> 10.116.0.2:9200      as VIEW_POLYGON [udp] every notification 
  routing for "VIEW_SEGLIST"
  --> 10.116.0.2:9200      as VIEW_SEGLIST [udp] every notification 
  routing for "WATCHCAST"
  --> 10.116.0.2:9200      as WATCHCAST  [udp] every notification 
  routing for "WHALE_TAGGED"
  --> 10.116.0.2:9200      as WHALE_TAGGED [udp] every notification 
[1;32mWildcard Routes:
[0m   none
[1;32mListening on:
[0m  <-- localhost:9410      [udp]
-------------------------------------------------------------------------------
---------------------- [1;33mROUTING INFORMATION[0m ------------------------------------
[1;32mStandard Routes:
[0m  routing for "APPCAST"
  --> 10.116.0.2:9200      as APPCAST    [udp] every notification 
  routing for "FISH_PHOTOED"
  --> 10.116.0.2:9200      as FISH_PHOTOED [udp] every notification 
  routing for "NODE_BROKER_PING_0"
  --> 10.116.0.2:9200      as NODE_BROKER_PING [udp] every notification 
  routing for "NODE_BROKER_PING_1"
  --> localhost:9200       as NODE_BROKER_PING [udp] every notification 
  routing for "NODE_MESSAGE_LOCAL"
  --> 10.116.0.2:9200      as NODE_MESSAGE [udp] every notification 
  routing for "NODE_REPORT_LOCAL"
  --> 10.116.0.2:9200      as NODE_REPORT [udp] every notification 
  routing for "NODE_REPORT_LOCAL_FIRST"
  --> 10.116.0.2:9200      as NODE_REPORT [udp] every notification 
  routing for "REALMCAST"
  --> 10.116.0.2:9200      as REALMCAST  [udp] every notification 
  routing for "REALMCAST_CHANNELS"
  --> 10.116.0.2:9200      as REALMCAST_CHANNELS [udp] every notification 
  routing for "SHARK_BITE"
  --> 10.116.0.2:9200      as SHARK_BITE [udp] every notification 
  routing for "TREASURE_FOUND"
  --> 10.116.0.2:9200      as TREASURE_FOUND [udp] every notification 
  routing for "TREASURE_RECOVERED"
  --> 10.116.0.2:9200      as TREASURE_RECOVERED [udp] every notification 
  routing for "VIEW_CIRCLE"
  --> 10.116.0.2:9200      as VIEW_CIRCLE [udp] every notification 
  routing for "VIEW_POINT"
  --> 10.116.0.2:9200      as VIEW_POINT [udp] every notification 
  routing for "VIEW_POLYGON"
  --> 10.116.0.2:9200      as VIEW_POLYGON [udp] every notification 
  routing for "VIEW_SEGLIST"
  --> 10.116.0.2:9200      as VIEW_SEGLIST [udp] every notification 
  routing for "WATCHCAST"
  --> 10.116.0.2:9200      as WATCHCAST  [udp] every notification 
  routing for "WHALE_TAGGED"
  --> 10.116.0.2:9200      as WHALE_TAGGED [udp] every notification 
[1;32mWildcard Routes:
[0m   none
[1;32mListening on:
[0m  <-- localhost:9410      [udp]
-------------------------------------------------------------------------------
*+ subs of "uLoadWatch" to "ULOADWATCH_ITER_GAP" via wildcard "*_ITER_GAP:*"



PID REPORT: (5)(1.99485/sec)
 pMarinePID says: Paused Due To Tardy HELM Input: THRUST=0
Paused Due To Tardy HELM Input: THRUST=0
**  Added wildcard logging of CONTACTS_RECAP      
  Added wildcard logging of FISH_PHOTOED        
  Added wildcard logging of NODE_MESSAGE_LOCAL  
  Added wildcard logging of PROC_WATCH_FULL_SUMMARY
  Added wildcard logging of REALMCAST           
  Added wildcard logging of REALMCAST_CHANNELS  
  Added wildcard logging of SHARK_BITE          
  Added wildcard logging of TREASURE_FOUND      
  Added wildcard logging of TREASURE_RECOVERED  
  Added wildcard logging of VIEW_CIRCLE         
  Added wildcard logging of VIEW_POINT          
  Added wildcard logging of VIEW_POLYGON        
  Added wildcard logging of VIEW_SEGLIST        
  Added wildcard logging of WATCHCAST           
  Added wildcard logging of WHALE_TAGGED        



PID REPORT: (6)(1.9956/sec)
Paused Due To Tardy HELM Input: THRUST=0
+ subs of "uLoadWatch" to "UMEMWATCH_ITER_LEN" via wildcard "*_ITER_LEN:*"
**


PID REPORT: (7)(1.99602/sec)
Paused Due To Tardy HELM Input: THRUST=0
*copied file to ./LOG_NORTH_PACIFIC_RIGHT_WHALE_5_8_2022_____09_13_36/targ_North_Pacific_right_whale._bhv
*


PID REPORT: (8)(1.99562/sec)
Paused Due To Tardy HELM Input: THRUST=0
**


PID REPORT: (9)(1.99598/sec)
Paused Due To Tardy HELM Input: THRUST=0
**  Added wildcard logging of PCHALLENGE_WHALE_PID
  Added wildcard logging of PHOSTINFO_PID       
  Added wildcard logging of PLOGGER_PID         
  Added wildcard logging of PMARINEPID_PID      
  Added wildcard logging of PREALM_PID          
  Added wildcard logging of PSHARE_PID          
  Added wildcard logging of ULOADWATCH_PID      
  Added wildcard logging of UMEMWATCH_PID       
  Added wildcard logging of UPROCESSWATCH_PID   
  Added wildcard logging of USIMMARINE_PID      
  Added wildcard logging of UTIMERSCRIPT_PID    
Dist = 152.463 to Trunkfish



PID REPORT: (10)(1.99559/sec)
Paused Due To Tardy HELM Input: THRUST=0
*Dist = 152.463 to Trunkfish
*Dist = 152.463 to Trunkfish



PID REPORT: (11)(1.99575/sec)
Paused Due To Tardy HELM Input: THRUST=0
WARNING : Message NODE_BROKER_ACK from uFldShoreBroker is 874.699 ms delayed
WARNING : Message NODE_BROKER_ACK from uFldShoreBroker is 71.7671 ms delayed
WARNING : Message APPCAST_REQ from pMarineViewer is 87.6179 ms delayed
WARNING : Message APPCAST_REQ from pMarineViewer is 90.7409 ms delayed
WARNING : Message APPCAST_REQ from pMarineViewer is 52.9408 ms delayed
+ subs of "uLoadWatch" to "UMEMWATCH_ITER_GAP" via wildcard "*_ITER_GAP:*"
*Dist = 152.463 to Trunkfish
*Dist = 152.463 to Trunkfish



PID REPORT: (12)(1.99597/sec)
Paused Due To Tardy HELM Input: THRUST=0
*Dist = 152.463 to Trunkfish
*Dist = 152.463 to Trunkfish



PID REPORT: (13)(1.99611/sec)
Paused Due To Tardy HELM Input: THRUST=0
*Dist = 152.463 to Trunkfish
*  Added wildcard logging of ALERT_VERBOSE       
  Added wildcard logging of CONTACTS_LIST       
  Added wildcard logging of CONTACT_CLOSEST     
  Added wildcard logging of CONTACT_CLOSEST_RANGE
  Added wildcard logging of CONTACT_CLOSEST_TIME
  Added wildcard logging of PHELMIVP_MEM        
Dist = 152.463 to Trunkfish



PID REPORT: (14)(1.99553/sec)
Paused Due To Tardy HELM Input: THRUST=0
*Dist = 152.463 to Trunkfish
*Dist = 152.463 to Trunkfish



PID REPORT: (15)(1.99577/sec)
Paused Due To Tardy HELM Input: THRUST=0
*Dist = 152.463 to Trunkfish
*


PID REPORT: (16)(1.99596/sec)
Paused Due To Tardy HELM Input: THRUST=0
Dist = 152.463 to Trunkfish
*Dist = 152.463 to Trunkfish
*


PID REPORT: (17)(1.99602/sec)
Paused Due To Tardy HELM Input: THRUST=0
Dist = 152.463 to Trunkfish
*Dist = 152.463 to Trunkfish
*


PID REPORT: (18)(1.99601/sec)
Paused Due To Tardy HELM Input: THRUST=0
Dist = 152.463 to Trunkfish
*Dist = 152.463 to Trunkfish
*


PID REPORT: (19)(1.99614/sec)
Paused Due To Tardy HELM Input: THRUST=0
Dist = 152.463 to Trunkfish
*Dist = 152.463 to Trunkfish
*


PID REPORT: (20)(1.99629/sec)
Paused Due To Tardy HELM Input: THRUST=0
Dist = 152.463 to Trunkfish
*Dist = 152.463 to Trunkfish
*


PID REPORT: (21)(1.99642/sec)
Paused Due To Tardy HELM Input: THRUST=0
Dist = 152.463 to Trunkfish
*Dist = 152.463 to Trunkfish
*


PID REPORT: (22)(1.99643/sec)
Paused Due To Tardy HELM Input: THRUST=0
Dist = 152.463 to Trunkfish
*Dist = 152.463 to Trunkfish
*


PID REPORT: (23)(1.99655/sec)
Paused Due To Tardy HELM Input: THRUST=0
Dist = 152.463 to Trunkfish
*Dist = 152.463 to Trunkfish
*


PID REPORT: (24)(1.99666/sec)
Paused Due To Tardy HELM Input: THRUST=0
Dist = 152.463 to Trunkfish
*Dist = 152.463 to Trunkfish
*


PID REPORT: (25)(1.99675/sec)
Paused Due To Tardy HELM Input: THRUST=0
Dist = 152.463 to Trunkfish
*Dist = 152.463 to Trunkfish
*


PID REPORT: (26)(1.99679/sec)
Paused Due To Tardy HELM Input: THRUST=0
Dist = 152.463 to Trunkfish
*Dist = 152.463 to Trunkfish
*


PID REPORT: (27)(1.99687/sec)
Paused Due To Tardy HELM Input: THRUST=0
Dist = 152.463 to Trunkfish
*Dist = 152.463 to Trunkfish
*


PID REPORT: (28)(1.99693/sec)
Paused Due To Tardy HELM Input: THRUST=0
Dist = 152.463 to Trunkfish
*Dist = 152.463 to Trunkfish
*


PID REPORT: (29)(1.99698/sec)
Paused Due To Tardy HELM Input: THRUST=0
Dist = 152.463 to Trunkfish
*Dist = 152.463 to Trunkfish
*


PID REPORT: (30)(1.99692/sec)
Paused Due To Tardy HELM Input: THRUST=0
Dist = 152.463 to Trunkfish
*Dist = 152.463 to Trunkfish
*


PID REPORT: (31)(1.997/sec)
Paused Due To Tardy HELM Input: THRUST=0
Dist = 152.463 to Trunkfish
*Dist = 152.463 to Trunkfish
*


PID REPORT: (32)(1.99706/sec)
Paused Due To Tardy HELM Input: THRUST=0
Dist = 152.463 to Trunkfish
*Dist = 152.463 to Trunkfish
*


PID REPORT: (33)(1.99712/sec)
Paused Due To Tardy HELM Input: THRUST=0
Dist = 152.463 to Trunkfish
*Dist = 152.463 to Trunkfish
*


PID REPORT: (34)(1.99716/sec)
Paused Due To Tardy HELM Input: THRUST=0
Dist = 152.463 to Trunkfish
*Dist = 152.463 to Trunkfish
*


PID REPORT: (35)(1.99721/sec)
Paused Due To Tardy HELM Input: THRUST=0
Dist = 152.463 to Trunkfish
*Dist = 152.463 to Trunkfish
*


PID REPORT: (36)(1.99726/sec)
Paused Due To Tardy HELM Input: THRUST=0
Dist = 152.463 to Trunkfish
*Dist = 152.463 to Trunkfish
*


PID REPORT: (37)(1.99727/sec)
Paused Due To Tardy HELM Input: THRUST=0
Dist = 152.463 to Trunkfish
*Dist = 152.463 to Trunkfish
*


PID REPORT: (38)(1.99723/sec)
Paused Due To Tardy HELM Input: THRUST=0
Dist = 152.463 to Trunkfish
*Dist = 152.463 to Trunkfish
*


PID REPORT: (39)(1.99728/sec)
Paused Due To Tardy HELM Input: THRUST=0
Dist = 152.463 to Trunkfish
*Dist = 152.463 to Trunkfish
*


PID REPORT: (40)(1.99731/sec)
Paused Due To Tardy HELM Input: THRUST=0
Dist = 152.463 to Trunkfish
*Dist = 152.463 to Trunkfish
*


PID REPORT: (41)(1.99735/sec)
Paused Due To Tardy HELM Input: THRUST=0
Dist = 152.463 to Trunkfish
*Dist = 152.463 to Trunkfish
*


PID REPORT: (42)(1.99731/sec)
Paused Due To Tardy HELM Input: THRUST=0
Dist = 152.463 to Trunkfish
*Dist = 152.463 to Trunkfish
*


PID REPORT: (43)(1.99735/sec)
Paused Due To Tardy HELM Input: THRUST=0
Dist = 152.463 to Trunkfish
*Dist = 152.463 to Trunkfish
*


PID REPORT: (44)(1.9974/sec)
Paused Due To Tardy HELM Input: THRUST=0
Dist = 152.463 to Trunkfish
*Dist = 152.463 to Trunkfish
*


PID REPORT: (45)(1.99743/sec)
Paused Due To Tardy HELM Input: THRUST=0
Dist = 152.463 to Trunkfish
*Dist = 152.463 to Trunkfish
*


PID REPORT: (46)(1.99748/sec)
Paused Due To Tardy HELM Input: THRUST=0
Dist = 152.463 to Trunkfish
*Dist = 152.463 to Trunkfish
*


PID REPORT: (47)(1.99752/sec)
Paused Due To Tardy HELM Input: THRUST=0
Dist = 152.463 to Trunkfish
*Dist = 152.463 to Trunkfish
*


PID REPORT: (48)(1.99755/sec)
Paused Due To Tardy HELM Input: THRUST=0
Dist = 152.463 to Trunkfish
*Dist = 152.463 to Trunkfish
*


PID REPORT: (49)(1.99758/sec)
Paused Due To Tardy HELM Input: THRUST=0
Dist = 152.463 to Trunkfish
*Dist = 152.463 to Trunkfish
*


PID REPORT: (50)(1.99761/sec)
Paused Due To Tardy HELM Input: THRUST=0
Dist = 152.463 to Trunkfish
*Dist = 152.463 to Trunkfish
*


PID REPORT: (51)(1.99765/sec)
Paused Due To Tardy HELM Input: THRUST=0
Dist = 152.463 to Trunkfish
*Dist = 152.463 to Trunkfish
*


PID REPORT: (52)(1.99768/sec)
Paused Due To Tardy HELM Input: THRUST=0
Dist = 152.463 to Trunkfish
*Dist = 152.463 to Trunkfish
*


PID REPORT: (53)(1.99769/sec)
Paused Due To Tardy HELM Input: THRUST=0
Dist = 152.463 to Trunkfish
*Dist = 152.463 to Trunkfish
*


PID REPORT: (54)(1.99644/sec)
Paused Due To Tardy HELM Input: THRUST=0
Dist = 152.463 to Trunkfish
*Dist = 152.463 to Trunkfish
*


PID REPORT: (55)(1.9963/sec)
Paused Due To Tardy HELM Input: THRUST=0
Dist = 152.463 to Trunkfish
*Dist = 152.463 to Trunkfish
*


PID REPORT: (56)(1.99596/sec)
Paused Due To Tardy HELM Input: THRUST=0
Dist = 152.463 to Trunkfish
*Dist = 152.463 to Trunkfish
*


PID REPORT: (57)(1.99546/sec)
Paused Due To Tardy HELM Input: THRUST=0
Dist = 152.463 to Trunkfish
*Dist = 152.463 to Trunkfish
*


PID REPORT: (58)(1.99551/sec)
Paused Due To Tardy HELM Input: THRUST=0
Dist = 152.463 to Trunkfish
*Dist = 152.463 to Trunkfish
*


PID REPORT: (59)(1.9953/sec)
Paused Due To Tardy HELM Input: THRUST=0
Dist = 152.463 to Trunkfish
*Dist = 152.463 to Trunkfish
*


PID REPORT: (60)(1.99531/sec)
Paused Due To Tardy HELM Input: THRUST=0
Dist = 152.463 to Trunkfish
*Dist = 152.463 to Trunkfish
*


PID REPORT: (61)(1.99534/sec)
Paused Due To Tardy HELM Input: THRUST=0
Dist = 152.463 to Trunkfish
*Dist = 152.463 to Trunkfish



PID REPORT: (62)(1.99511/sec)
Paused Due To Tardy HELM Input: THRUST=0
*Dist = 152.463 to Trunkfish
*Dist = 152.463 to Trunkfish



PID REPORT: (63)(1.99437/sec)
Paused Due To Tardy HELM Input: THRUST=0
*Dist = 152.463 to Trunkfish
Exception in DoReading() : remote side closed....
Exception in DoReading() : remote side closed....
1659705248.0379 [33m140294664161024- [0m                          disabling nagle
[0m
-------------- moos connect ----------------------
  contacting a MOOS server localhost:9310 -  try 00001 Exception in DoReading() : remote side closed....
Exception in DoReading() : remote side closed....
Exception in DoReading() : remote side closed....
Exception in DoReading() : remote side closed....
Exception in DoReading() : remote side closed....
Exception in DoReading() : remote side closed....
Exception in DoReading() : remote side closed....
Exception in DoReading() : remote side closed....
1659705248.0466 [33m139721514166016- [0m                          disabling nagle
[0m
-------------- moos connect ----------------------
  contacting a MOOS server localhost:9310 -  try 00001 1659705248.0469 [33m139764862801664- [0m                          disabling nagle
[0m
-------------- moos connect ----------------------
  contacting a MOOS server localhost:9310 -  try 00001 Exception in DoReading() : remote side closed....
Exception in DoReading() : remote side closed....
Exception in DoReading() : remote side closed....
Exception in DoReading() : remote side closed....
1659705248.0497 [33m140295804753664- [0m                          disabling nagle
[0m
-------------- moos connect ----------------------
  contacting a MOOS server localhost:9310 -  try 00001 1659705248.0501 [33m139892902311680- [0m                          disabling nagle
[0m
-------------- moos connect ----------------------
  contacting a MOOS server localhost:9310 -  try 00001 1659705248.0504 [33m139998697314048- [0m                          disabling nagle
[0m
-------------- moos connect ----------------------
  contacting a MOOS server localhost:9310 -  try 00001 1659705248.0524 [33m140207098373888- [0m                          disabling nagle
[0m
-------------- moos connect ----------------------
  contacting a MOOS server localhost:9310 -  try 00001 1659705248.0527 [33m139980415907584- [0m                          disabling nagle
[0m
-------------- moos connect ----------------------
  contacting a MOOS server localhost:9310 -  try 00001 1659705248.0531 [33m139723556423424- [0m                          disabling nagle
[0m
-------------- moos connect ----------------------
  contacting a MOOS server localhost:9310 -  try 00001 1659705248.0532 [33m139730586957568- [0m                          disabling nagle
[0m
-------------- moos connect ----------------------
  contacting a MOOS server localhost:9310 -  try 00001 1659705248.0534 [33m140248189232896- [0m                          disabling nagle
[0m
-------------- moos connect ----------------------
  contacting a MOOS server localhost:9310 -  try 00001 1659705248.0542 [33m140526779696896- [0m                          disabling nagle
[0m
-------------- moos connect ----------------------
  contacting a MOOS server localhost:9310 -  try 00001 1659705248.0587 [33m140027116930816- [0m                          disabling nagle
[0m
-------------- moos connect ----------------------
  contacting a MOOS server localhost:9310 -  try 00001 Exception in DoReading() : remote side closed....
1659705248.0597 [33m139683181340416- [0m                          disabling nagle
[0m
-------------- moos connect ----------------------
  contacting a MOOS server localhost:9310 -  try 00001 1659705248.0599 [33m139714113615616- [0m                          disabling nagle
[0m
-------------- moos connect ----------------------
  contacting a MOOS server localhost:9310 -  try 00001    [015] Process: MOOSDB          has quit
  contacting a MOOS server localhost:9310 -  try 00002   contacting a MOOS server localhost:9310 -  try 00002   contacting a MOOS server localhost:9310 -  try 00002   contacting a MOOS server localhost:9310 -  try 00002   contacting a MOOS server localhost:9310 -  try 00002   contacting a MOOS server localhost:9310 -  try 00002   contacting a MOOS server localhost:9310 -  try 00002   contacting a MOOS server localhost:9310 -  try 00002   contacting a MOOS server localhost:9310 -  try 00002   contacting a MOOS server localhost:9310 -  try 00002   contacting a MOOS server localhost:9310 -  try 00002   contacting a MOOS server localhost:9310 -  try 00002   contacting a MOOS server localhost:9310 -  try 00002   contacting a MOOS server localhost:9310 -  try 00002   contacting a MOOS server localhost:9310 -  try 00002   contacting a MOOS server localhost:9310 -  try 00003   contacting a MOOS server localhost:9310 -  try 00003   contacting a MOOS server localhost:9310 -  try 00003   contacting a MOOS server localhost:9310 -  try 00003   contacting a MOOS server localhost:9310 -  try 00003   contacting a MOOS server localhost:9310 -  try 00003   contacting a MOOS server localhost:9310 -  try 00003   contacting a MOOS server localhost:9310 -  try 00003   contacting a MOOS server localhost:9310 -  try 00003   contacting a MOOS server localhost:9310 -  try 00003   contacting a MOOS server localhost:9310 -  try 00003   contacting a MOOS server localhost:9310 -  try 00003   contacting a MOOS server localhost:9310 -  try 00003   contacting a MOOS server localhost:9310 -  try 00003   contacting a MOOS server localhost:9310 -  try 00003   contacting a MOOS server localhost:9310 -  try 00004   contacting a MOOS server localhost:9310 -  try 00004   contacting a MOOS server localhost:9310 -  try 00004   contacting a MOOS server localhost:9310 -  try 00004   contacting a MOOS server localhost:9310 -  try 00004   contacting a MOOS server localhost:9310 -  try 00004   contacting a MOOS server localhost:9310 -  try 00004   contacting a MOOS server localhost:9310 -  try 00005 